Archive member included to satisfy reference by file (symbol)

c:/st/stm32cubeide_1.4.0/stm32cubeide/plugins/com.st.stm32cube.ide.mcu.externaltools.gnu-tools-for-stm32.9-2020-q2-update.win32_2.0.0.202105311346/tools/bin/../lib/gcc/arm-none-eabi/9.3.1/../../../../arm-none-eabi/lib/thumb/v7e-m+fp/hard\libc_nano.a(lib_a-ctype_.o)
                              ./Application/StringTools.o (_ctype_)
c:/st/stm32cubeide_1.4.0/stm32cubeide/plugins/com.st.stm32cube.ide.mcu.externaltools.gnu-tools-for-stm32.9-2020-q2-update.win32_2.0.0.202105311346/tools/bin/../lib/gcc/arm-none-eabi/9.3.1/../../../../arm-none-eabi/lib/thumb/v7e-m+fp/hard\libc_nano.a(lib_a-errno.o)
                              ./Core/Src/syscalls.o (__errno)
c:/st/stm32cubeide_1.4.0/stm32cubeide/plugins/com.st.stm32cube.ide.mcu.externaltools.gnu-tools-for-stm32.9-2020-q2-update.win32_2.0.0.202105311346/tools/bin/../lib/gcc/arm-none-eabi/9.3.1/../../../../arm-none-eabi/lib/thumb/v7e-m+fp/hard\libc_nano.a(lib_a-exit.o)
                              c:/st/stm32cubeide_1.4.0/stm32cubeide/plugins/com.st.stm32cube.ide.mcu.externaltools.gnu-tools-for-stm32.9-2020-q2-update.win32_2.0.0.202105311346/tools/bin/../lib/gcc/arm-none-eabi/9.3.1/../../../../arm-none-eabi/lib/thumb/v7e-m+fp/hard/crt0.o (exit)
c:/st/stm32cubeide_1.4.0/stm32cubeide/plugins/com.st.stm32cube.ide.mcu.externaltools.gnu-tools-for-stm32.9-2020-q2-update.win32_2.0.0.202105311346/tools/bin/../lib/gcc/arm-none-eabi/9.3.1/../../../../arm-none-eabi/lib/thumb/v7e-m+fp/hard\libc_nano.a(lib_a-impure.o)
                              c:/st/stm32cubeide_1.4.0/stm32cubeide/plugins/com.st.stm32cube.ide.mcu.externaltools.gnu-tools-for-stm32.9-2020-q2-update.win32_2.0.0.202105311346/tools/bin/../lib/gcc/arm-none-eabi/9.3.1/../../../../arm-none-eabi/lib/thumb/v7e-m+fp/hard\libc_nano.a(lib_a-exit.o) (_global_impure_ptr)
c:/st/stm32cubeide_1.4.0/stm32cubeide/plugins/com.st.stm32cube.ide.mcu.externaltools.gnu-tools-for-stm32.9-2020-q2-update.win32_2.0.0.202105311346/tools/bin/../lib/gcc/arm-none-eabi/9.3.1/../../../../arm-none-eabi/lib/thumb/v7e-m+fp/hard\libc_nano.a(lib_a-init.o)
                              c:/st/stm32cubeide_1.4.0/stm32cubeide/plugins/com.st.stm32cube.ide.mcu.externaltools.gnu-tools-for-stm32.9-2020-q2-update.win32_2.0.0.202105311346/tools/bin/../lib/gcc/arm-none-eabi/9.3.1/../../../../arm-none-eabi/lib/thumb/v7e-m+fp/hard/crt0.o (__libc_init_array)
c:/st/stm32cubeide_1.4.0/stm32cubeide/plugins/com.st.stm32cube.ide.mcu.externaltools.gnu-tools-for-stm32.9-2020-q2-update.win32_2.0.0.202105311346/tools/bin/../lib/gcc/arm-none-eabi/9.3.1/../../../../arm-none-eabi/lib/thumb/v7e-m+fp/hard\libc_nano.a(lib_a-memcpy-stub.o)
                              ./Application/Database.o (memcpy)
c:/st/stm32cubeide_1.4.0/stm32cubeide/plugins/com.st.stm32cube.ide.mcu.externaltools.gnu-tools-for-stm32.9-2020-q2-update.win32_2.0.0.202105311346/tools/bin/../lib/gcc/arm-none-eabi/9.3.1/../../../../arm-none-eabi/lib/thumb/v7e-m+fp/hard\libc_nano.a(lib_a-memset.o)
                              c:/st/stm32cubeide_1.4.0/stm32cubeide/plugins/com.st.stm32cube.ide.mcu.externaltools.gnu-tools-for-stm32.9-2020-q2-update.win32_2.0.0.202105311346/tools/bin/../lib/gcc/arm-none-eabi/9.3.1/../../../../arm-none-eabi/lib/thumb/v7e-m+fp/hard/crt0.o (memset)
c:/st/stm32cubeide_1.4.0/stm32cubeide/plugins/com.st.stm32cube.ide.mcu.externaltools.gnu-tools-for-stm32.9-2020-q2-update.win32_2.0.0.202105311346/tools/bin/../lib/gcc/arm-none-eabi/9.3.1/../../../../arm-none-eabi/lib/thumb/v7e-m+fp/hard\libc_nano.a(lib_a-snprintf.o)
                              ./Application/AppMain.o (snprintf)
c:/st/stm32cubeide_1.4.0/stm32cubeide/plugins/com.st.stm32cube.ide.mcu.externaltools.gnu-tools-for-stm32.9-2020-q2-update.win32_2.0.0.202105311346/tools/bin/../lib/gcc/arm-none-eabi/9.3.1/../../../../arm-none-eabi/lib/thumb/v7e-m+fp/hard\libc_nano.a(lib_a-strchr.o)
                              ./Application/StringTools.o (strchr)
c:/st/stm32cubeide_1.4.0/stm32cubeide/plugins/com.st.stm32cube.ide.mcu.externaltools.gnu-tools-for-stm32.9-2020-q2-update.win32_2.0.0.202105311346/tools/bin/../lib/gcc/arm-none-eabi/9.3.1/../../../../arm-none-eabi/lib/thumb/v7e-m+fp/hard\libc_nano.a(lib_a-strcpy.o)
                              ./Application/AppMain.o (strcpy)
c:/st/stm32cubeide_1.4.0/stm32cubeide/plugins/com.st.stm32cube.ide.mcu.externaltools.gnu-tools-for-stm32.9-2020-q2-update.win32_2.0.0.202105311346/tools/bin/../lib/gcc/arm-none-eabi/9.3.1/../../../../arm-none-eabi/lib/thumb/v7e-m+fp/hard\libc_nano.a(lib_a-strlen.o)
                              ./Application/AppMain.o (strlen)
c:/st/stm32cubeide_1.4.0/stm32cubeide/plugins/com.st.stm32cube.ide.mcu.externaltools.gnu-tools-for-stm32.9-2020-q2-update.win32_2.0.0.202105311346/tools/bin/../lib/gcc/arm-none-eabi/9.3.1/../../../../arm-none-eabi/lib/thumb/v7e-m+fp/hard\libc_nano.a(lib_a-strncmp.o)
                              ./Application/StringTools.o (strncmp)
[...]
Memory Configuration

Name             Origin             Length             Attributes
RAM              0x0000000020000000 0x000000000000a000 xrw
FLASH            0x0000000008000000 0x0000000000020000 xr
*default*        0x0000000000000000 0xffffffffffffffff

Linker script and memory map

LOAD c:/st/stm32cubeide_1.4.0/stm32cubeide/plugins/com.st.stm32cube.ide.mcu.externaltools.gnu-tools-for-stm32.9-2020-q2-update.win32_2.0.0.202105311346/tools/bin/../lib/gcc/arm-none-eabi/9.3.1/thumb/v7e-m+fp/hard/crti.o
LOAD c:/st/stm32cubeide_1.4.0/stm32cubeide/plugins/com.st.stm32cube.ide.mcu.externaltools.gnu-tools-for-stm32.9-2020-q2-update.win32_2.0.0.202105311346/tools/bin/../lib/gcc/arm-none-eabi/9.3.1/thumb/v7e-m+fp/hard/crtbegin.o
LOAD c:/st/stm32cubeide_1.4.0/stm32cubeide/plugins/com.st.stm32cube.ide.mcu.externaltools.gnu-tools-for-stm32.9-2020-q2-update.win32_2.0.0.202105311346/tools/bin/../lib/gcc/arm-none-eabi/9.3.1/../../../../arm-none-eabi/lib/thumb/v7e-m+fp/hard/crt0.o
LOAD ./Application/AppMain.o
LOAD ./Application/CRC16.o
LOAD ./Application/DNPBase.o
LOAD ./Application/DNPMessageBuilder.o
LOAD ./Application/DNPMessageParser.o
LOAD ./Application/Database.o
LOAD ./Application/StringTools.o
LOAD ./Application/SystemModes.o
LOAD ./Application/Terminal.o
LOAD ./Application/CommonLibs/CommonUtils.o
LOAD ./Application/CommonLibs/GPIOGeneralInterface.o
LOAD ./Application/CommonLibs/I2CGeneralInterface.o
LOAD ./Application/CommonLibs/NetworkGeneralInterface.o
LOAD ./Application/CommonLibs/SPIGeneralInterface.o
LOAD ./Application/CommonLibs/TimeGeneralInterface.o
LOAD ./Application/CommonLibs/UARTGeneralInterface.o
LOAD ./Application/Drivers/APA102Driver.o
LOAD ./Application/Drivers/BoardSupport.o
LOAD ./Application/Drivers/GPIO_NucleoL412KB.o
LOAD ./Application/Drivers/I2C_NucleoL412KB.o
LOAD ./Application/Drivers/PinSupport.o
LOAD ./Application/Drivers/SPI_NucleoL412KB.o
LOAD ./Application/Drivers/UART_NucleoL412KB.o
LOAD ./Application/Drivers/XBeeDriver.o
LOAD ./Core/Src/freertos.o
LOAD ./Core/Src/gpio.o
LOAD ./Core/Src/i2c.o
LOAD ./Core/Src/iwdg.o
LOAD ./Core/Src/main.o
LOAD ./Core/Src/spi.o
LOAD ./Core/Src/stm32l4xx_hal_msp.o
LOAD ./Core/Src/stm32l4xx_hal_timebase_tim.o
LOAD ./Core/Src/stm32l4xx_it.o
LOAD ./Core/Src/syscalls.o
LOAD ./Core/Src/sysmem.o
LOAD ./Core/Src/system_stm32l4xx.o
LOAD ./Core/Src/tim.o
LOAD ./Core/Src/usart.o
LOAD ./Core/Startup/startup_stm32l412kbux.o
LOAD ./Drivers/STM32L4xx_HAL_Driver/Src/stm32l4xx_hal.o
LOAD ./Drivers/STM32L4xx_HAL_Driver/Src/stm32l4xx_hal_cortex.o
LOAD ./Drivers/STM32L4xx_HAL_Driver/Src/stm32l4xx_hal_dma.o
LOAD ./Drivers/STM32L4xx_HAL_Driver/Src/stm32l4xx_hal_dma_ex.o
LOAD ./Drivers/STM32L4xx_HAL_Driver/Src/stm32l4xx_hal_exti.o
LOAD ./Drivers/STM32L4xx_HAL_Driver/Src/stm32l4xx_hal_flash.o
LOAD ./Drivers/STM32L4xx_HAL_Driver/Src/stm32l4xx_hal_flash_ex.o
LOAD ./Drivers/STM32L4xx_HAL_Driver/Src/stm32l4xx_hal_flash_ramfunc.o
LOAD ./Drivers/STM32L4xx_HAL_Driver/Src/stm32l4xx_hal_gpio.o
LOAD ./Drivers/STM32L4xx_HAL_Driver/Src/stm32l4xx_hal_i2c.o
LOAD ./Drivers/STM32L4xx_HAL_Driver/Src/stm32l4xx_hal_i2c_ex.o
LOAD ./Drivers/STM32L4xx_HAL_Driver/Src/stm32l4xx_hal_iwdg.o
LOAD ./Drivers/STM32L4xx_HAL_Driver/Src/stm32l4xx_hal_pwr.o
LOAD ./Drivers/STM32L4xx_HAL_Driver/Src/stm32l4xx_hal_pwr_ex.o
LOAD ./Drivers/STM32L4xx_HAL_Driver/Src/stm32l4xx_hal_rcc.o
LOAD ./Drivers/STM32L4xx_HAL_Driver/Src/stm32l4xx_hal_rcc_ex.o
LOAD ./Drivers/STM32L4xx_HAL_Driver/Src/stm32l4xx_hal_spi.o
LOAD ./Drivers/STM32L4xx_HAL_Driver/Src/stm32l4xx_hal_spi_ex.o
LOAD ./Drivers/STM32L4xx_HAL_Driver/Src/stm32l4xx_hal_tim.o
LOAD ./Drivers/STM32L4xx_HAL_Driver/Src/stm32l4xx_hal_tim_ex.o
LOAD ./Drivers/STM32L4xx_HAL_Driver/Src/stm32l4xx_hal_uart.o
LOAD ./Drivers/STM32L4xx_HAL_Driver/Src/stm32l4xx_hal_uart_ex.o
LOAD ./Middlewares/Third_Party/FreeRTOS/Source/CMSIS_RTOS/cmsis_os.o
LOAD ./Middlewares/Third_Party/FreeRTOS/Source/croutine.o
LOAD ./Middlewares/Third_Party/FreeRTOS/Source/event_groups.o
LOAD ./Middlewares/Third_Party/FreeRTOS/Source/list.o
LOAD ./Middlewares/Third_Party/FreeRTOS/Source/queue.o
LOAD ./Middlewares/Third_Party/FreeRTOS/Source/stream_buffer.o
LOAD ./Middlewares/Third_Party/FreeRTOS/Source/tasks.o
LOAD ./Middlewares/Third_Party/FreeRTOS/Source/timers.o
LOAD ./Middlewares/Third_Party/FreeRTOS/Source/portable/GCC/ARM_CM4F/port.o
LOAD ./Middlewares/Third_Party/FreeRTOS/Source/portable/MemMang/heap_4.o
START GROUP
LOAD c:/st/stm32cubeide_1.4.0/stm32cubeide/plugins/com.st.stm32cube.ide.mcu.externaltools.gnu-tools-for-stm32.9-2020-q2-update.win32_2.0.0.202105311346/tools/bin/../lib/gcc/arm-none-eabi/9.3.1/../../../../arm-none-eabi/lib/thumb/v7e-m+fp/hard\libc_nano.a
LOAD c:/st/stm32cubeide_1.4.0/stm32cubeide/plugins/com.st.stm32cube.ide.mcu.externaltools.gnu-tools-for-stm32.9-2020-q2-update.win32_2.0.0.202105311346/tools/bin/../lib/gcc/arm-none-eabi/9.3.1/../../../../arm-none-eabi/lib/thumb/v7e-m+fp/hard\libm.a
END GROUP
START GROUP
LOAD c:/st/stm32cubeide_1.4.0/stm32cubeide/plugins/com.st.stm32cube.ide.mcu.externaltools.gnu-tools-for-stm32.9-2020-q2-update.win32_2.0.0.202105311346/tools/bin/../lib/gcc/arm-none-eabi/9.3.1/thumb/v7e-m+fp/hard\libgcc.a
LOAD c:/st/stm32cubeide_1.4.0/stm32cubeide/plugins/com.st.stm32cube.ide.mcu.externaltools.gnu-tools-for-stm32.9-2020-q2-update.win32_2.0.0.202105311346/tools/bin/../lib/gcc/arm-none-eabi/9.3.1/../../../../arm-none-eabi/lib/thumb/v7e-m+fp/hard\libc_nano.a
END GROUP
START GROUP
LOAD c:/st/stm32cubeide_1.4.0/stm32cubeide/plugins/com.st.stm32cube.ide.mcu.externaltools.gnu-tools-for-stm32.9-2020-q2-update.win32_2.0.0.202105311346/tools/bin/../lib/gcc/arm-none-eabi/9.3.1/thumb/v7e-m+fp/hard\libgcc.a
LOAD c:/st/stm32cubeide_1.4.0/stm32cubeide/plugins/com.st.stm32cube.ide.mcu.externaltools.gnu-tools-for-stm32.9-2020-q2-update.win32_2.0.0.202105311346/tools/bin/../lib/gcc/arm-none-eabi/9.3.1/../../../../arm-none-eabi/lib/thumb/v7e-m+fp/hard\libc_nano.a
LOAD c:/st/stm32cubeide_1.4.0/stm32cubeide/plugins/com.st.stm32cube.ide.mcu.externaltools.gnu-tools-for-stm32.9-2020-q2-update.win32_2.0.0.202105311346/tools/bin/../lib/gcc/arm-none-eabi/9.3.1/../../../../arm-none-eabi/lib/thumb/v7e-m+fp/hard\libnosys.a
END GROUP
START GROUP
LOAD c:/st/stm32cubeide_1.4.0/stm32cubeide/plugins/com.st.stm32cube.ide.mcu.externaltools.gnu-tools-for-stm32.9-2020-q2-update.win32_2.0.0.202105311346/tools/bin/../lib/gcc/arm-none-eabi/9.3.1/thumb/v7e-m+fp/hard\libgcc.a
LOAD c:/st/stm32cubeide_1.4.0/stm32cubeide/plugins/com.st.stm32cube.ide.mcu.externaltools.gnu-tools-for-stm32.9-2020-q2-update.win32_2.0.0.202105311346/tools/bin/../lib/gcc/arm-none-eabi/9.3.1/../../../../arm-none-eabi/lib/thumb/v7e-m+fp/hard\libc_nano.a
LOAD c:/st/stm32cubeide_1.4.0/stm32cubeide/plugins/com.st.stm32cube.ide.mcu.externaltools.gnu-tools-for-stm32.9-2020-q2-update.win32_2.0.0.202105311346/tools/bin/../lib/gcc/arm-none-eabi/9.3.1/../../../../arm-none-eabi/lib/thumb/v7e-m+fp/hard\libnosys.a
END GROUP
LOAD c:/st/stm32cubeide_1.4.0/stm32cubeide/plugins/com.st.stm32cube.ide.mcu.externaltools.gnu-tools-for-stm32.9-2020-q2-update.win32_2.0.0.202105311346/tools/bin/../lib/gcc/arm-none-eabi/9.3.1/thumb/v7e-m+fp/hard/crtend.o
LOAD c:/st/stm32cubeide_1.4.0/stm32cubeide/plugins/com.st.stm32cube.ide.mcu.externaltools.gnu-tools-for-stm32.9-2020-q2-update.win32_2.0.0.202105311346/tools/bin/../lib/gcc/arm-none-eabi/9.3.1/thumb/v7e-m+fp/hard/crtn.o
                0x000000002000a000                _estack = (ORIGIN (RAM) + LENGTH (RAM))
                0x0000000000000200                _Min_Heap_Size = 0x200
                0x0000000000000400                _Min_Stack_Size = 0x400

.isr_vector     0x0000000008000000      0x18c
                0x0000000008000000                . = ALIGN (0x4)
 *(.isr_vector)
 .isr_vector    0x0000000008000000      0x18c ./Core/Startup/startup_stm32l412kbux.o
                0x0000000008000000                g_pfnVectors
                0x000000000800018c                . = ALIGN (0x4)

.text           0x0000000008000190     0xcf74
                0x0000000008000190                . = ALIGN (0x4)
 *(.text)
 .text          0x0000000008000190       0x40 c:/st/stm32cubeide_1.4.0/stm32cubeide/plugins/com.st.stm32cube.ide.mcu.externaltools.gnu-tools-for-stm32.9-2020-q2-update.win32_2.0.0.202105311346/tools/bin/../lib/gcc/arm-none-eabi/9.3.1/thumb/v7e-m+fp/hard/crtbegin.o
 .text          0x00000000080001d0       0x10 c:/st/stm32cubeide_1.4.0/stm32cubeide/plugins/com.st.stm32cube.ide.mcu.externaltools.gnu-tools-for-stm32.9-2020-q2-update.win32_2.0.0.202105311346/tools/bin/../lib/gcc/arm-none-eabi/9.3.1/../../../../arm-none-eabi/lib/thumb/v7e-m+fp/hard\libc_nano.a(lib_a-strlen.o)
                0x00000000080001d0                strlen
 .text          0x00000000080001e0       0xa0 c:/st/stm32cubeide_1.4.0/stm32cubeide/plugins/com.st.stm32cube.ide.mcu.externaltools.gnu-tools-for-stm32.9-2020-q2-update.win32_2.0.0.202105311346/tools/bin/../lib/gcc/arm-none-eabi/9.3.1/../../../../arm-none-eabi/lib/thumb/v7e-m+fp/hard\libc_nano.a(lib_a-memchr.o)
                0x00000000080001e0                memchr
 .text          0x0000000008000280       0x30 c:/st/stm32cubeide_1.4.0/stm32cubeide/plugins/com.st.stm32cube.ide.mcu.externaltools.gnu-tools-for-stm32.9-2020-q2-update.win32_2.0.0.202105311346/tools/bin/../lib/gcc/arm-none-eabi/9.3.1/thumb/v7e-m+fp/hard\libgcc.a(_aeabi_uldivmod.o)
                0x0000000008000280                __aeabi_uldivmod
 .text          0x00000000080002b0      0x2c4 c:/st/stm32cubeide_1.4.0/stm32cubeide/plugins/com.st.stm32cube.ide.mcu.externaltools.gnu-tools-for-stm32.9-2020-q2-update.win32_2.0.0.202105311346/tools/bin/../lib/gcc/arm-none-eabi/9.3.1/thumb/v7e-m+fp/hard\libgcc.a(_udivmoddi4.o)
                0x00000000080002b0                __udivmoddi4
 .text          0x0000000008000574        0x4 c:/st/stm32cubeide_1.4.0/stm32cubeide/plugins/com.st.stm32cube.ide.mcu.externaltools.gnu-tools-for-stm32.9-2020-q2-update.win32_2.0.0.202105311346/tools/bin/../lib/gcc/arm-none-eabi/9.3.1/thumb/v7e-m+fp/hard\libgcc.a(_dvmd_tls.o)
                0x0000000008000574                __aeabi_idiv0
                0x0000000008000574                __aeabi_ldiv0
 *(.text*)
 .text.BootstrapTask
                0x0000000008000578      0x1b0 ./Application/AppMain.o
                0x0000000008000578                BootstrapTask
 .text.I2CTask  0x0000000008000728       0x80 ./Application/AppMain.o
                0x0000000008000728                I2CTask
 .text.I2CSlaveAddrHandler
                0x00000000080007a8       0x50 ./Application/AppMain.o
                0x00000000080007a8                I2CSlaveAddrHandler
 .text.I2CSlaveRecvHandler
                0x00000000080007f8       0x24 ./Application/AppMain.o
                0x00000000080007f8                I2CSlaveRecvHandler
 .text.I2CSlaveSendHandler
                0x000000000800081c       0x30 ./Application/AppMain.o
                0x000000000800081c                I2CSlaveSendHandler
 .text.I2CSlaveTransHandler
                0x000000000800084c       0x1e ./Application/AppMain.o
                0x000000000800084c                I2CSlaveTransHandler
 *fill*         0x000000000800086a        0x2 
 .text.CycleLEDColors
                0x000000000800086c       0x78 ./Application/AppMain.o
                0x000000000800086c                CycleLEDColors
 .text.TerminalCommandHandler
                0x00000000080008e4      0x14c ./Application/AppMain.o
                0x00000000080008e4                TerminalCommandHandler
 .text.FlipBytesUInt16
                0x0000000008000a30       0x2a ./Application/CRC16.o
 .text.GetCRC16TableEntry
                0x0000000008000a5a       0x5e ./Application/CRC16.o
                0x0000000008000a5a                GetCRC16TableEntry
 .text.ContinueCalculateCRC16Byte
                0x0000000008000ab8       0x40 ./Application/CRC16.o
                0x0000000008000ab8                ContinueCalculateCRC16Byte
 .text.ContinueCalculateCRC16Buffer
                0x0000000008000af8       0x84 ./Application/CRC16.o
                0x0000000008000af8                ContinueCalculateCRC16Buffer
 .text.CalculateCRC16
                0x0000000008000b7c       0x28 ./Application/CRC16.o
                0x0000000008000b7c                CalculateCRC16
 .text.UInt16ToBytes
                0x0000000008000ba4       0x64 ./Application/DNPBase.o
                0x0000000008000ba4                UInt16ToBytes
 .text.BytesToUInt16
                0x0000000008000c08       0x68 ./Application/DNPBase.o
                0x0000000008000c08                BytesToUInt16
 .text.DNPBufferNewMessage
                0x0000000008000c70       0xc6 ./Application/DNPBase.o
                0x0000000008000c70                DNPBufferNewMessage
 *fill*         0x0000000008000d36        0x2 
 .text.DNPGetDataObjectBitSize
                0x0000000008000d38       0x88 ./Application/DNPBase.o
                0x0000000008000d38                DNPGetDataObjectBitSize
 .text.DNPBuilderAddByte
                0x0000000008000dc0       0x4c ./Application/DNPMessageBuilder.o
                0x0000000008000dc0                DNPBuilderAddByte
 .text.DNPBuilderGenerateDNP
                0x0000000008000e0c      0x374 ./Application/DNPMessageBuilder.o
                0x0000000008000e0c                DNPBuilderGenerateDNP
 .text.DNPBuilderAddDeviceAttributeValue
                0x0000000008001180       0x84 ./Application/DNPMessageBuilder.o
                0x0000000008001180                DNPBuilderAddDeviceAttributeValue
 .text.DNPParserReceivedData
                0x0000000008001204      0x568 ./Application/DNPMessageParser.o
                0x0000000008001204                DNPParserReceivedData
 .text.DNPParserNextDataObject
                0x000000000800176c      0x384 ./Application/DNPMessageParser.o
                0x000000000800176c                DNPParserNextDataObject
 .text.DNPParserNextDataValue
                0x0000000008001af0      0x19a ./Application/DNPMessageParser.o
                0x0000000008001af0                DNPParserNextDataValue
 *fill*         0x0000000008001c8a        0x2 
 .text.DBInitialize
                0x0000000008001c8c      0x490 ./Application/Database.o
                0x0000000008001c8c                DBInitialize
 .text.DBSetAnalogByDBIdx
                0x000000000800211c      0x138 ./Application/Database.o
                0x000000000800211c                DBSetAnalogByDBIdx
 .text.DBSetAnalogByTypeIdx
                0x0000000008002254       0x90 ./Application/Database.o
                0x0000000008002254                DBSetAnalogByTypeIdx
 .text.DBReadAnalogValueByDBIdx
                0x00000000080022e4       0x58 ./Application/Database.o
                0x00000000080022e4                DBReadAnalogValueByDBIdx
 .text.DBReadAnalogValueByTypeIdx
                0x000000000800233c       0x88 ./Application/Database.o
                0x000000000800233c                DBReadAnalogValueByTypeIdx
 .text.StrFindFirstChar
                0x00000000080023c4       0x62 ./Application/StringTools.o
                0x00000000080023c4                StrFindFirstChar
 .text.StrTrimStart
                0x0000000008002426       0x8a ./Application/StringTools.o
                0x0000000008002426                StrTrimStart
 .text.StrTrimEnd
                0x00000000080024b0       0x50 ./Application/StringTools.o
                0x00000000080024b0                StrTrimEnd
 .text.StrPiece
                0x0000000008002500       0x6a ./Application/StringTools.o
                0x0000000008002500                StrPiece
 *fill*         0x000000000800256a        0x2 
 .text.StrRegEx
                0x000000000800256c      0x648 ./Application/StringTools.o
                0x000000000800256c                StrRegEx
 .text.StrRegExTokenMatch
                0x0000000008002bb4      0x26c ./Application/StringTools.o
                0x0000000008002bb4                StrRegExTokenMatch
 .text.SysModeInitialize
                0x0000000008002e20       0x90 ./Application/SystemModes.o
                0x0000000008002e20                SysModeInitialize
 .text.SysModeTimeInMode
                0x0000000008002eb0       0x20 ./Application/SystemModes.o
                0x0000000008002eb0                SysModeTimeInMode
 .text.SysModeTransitionMode
                0x0000000008002ed0      0x108 ./Application/SystemModes.o
                0x0000000008002ed0                SysModeTransitionMode
 .text.SysModeSystemVerify
                0x0000000008002fd8      0x114 ./Application/SystemModes.o
                0x0000000008002fd8                SysModeSystemVerify
 .text.SysModeTaskCheckIn
                0x00000000080030ec       0xb8 ./Application/SystemModes.o
                0x00000000080030ec                SysModeTaskCheckIn
 .text.GPIOInterfaceInitialize
                0x00000000080031a4       0xa8 ./Application/CommonLibs/GPIOGeneralInterface.o
                0x00000000080031a4                GPIOInterfaceInitialize
 .text.GPIOPortInitialize
                0x000000000800324c       0x1a ./Application/CommonLibs/GPIOGeneralInterface.o
                0x000000000800324c                GPIOPortInitialize
 .text.GPIOSetModeByPin
                0x0000000008003266       0x20 ./Application/CommonLibs/GPIOGeneralInterface.o
                0x0000000008003266                GPIOSetModeByPin
 .text.GPIOReadModeByPin
                0x0000000008003286       0x1e ./Application/CommonLibs/GPIOGeneralInterface.o
                0x0000000008003286                GPIOReadModeByPin
 .text.GPIODigitalWriteByPin
                0x00000000080032a4       0x20 ./Application/CommonLibs/GPIOGeneralInterface.o
                0x00000000080032a4                GPIODigitalWriteByPin
 .text.GPIODigitalReadByPin
                0x00000000080032c4       0x1e ./Application/CommonLibs/GPIOGeneralInterface.o
                0x00000000080032c4                GPIODigitalReadByPin
 .text.GPIOPWMWriteByPin
                0x00000000080032e2       0x1e ./Application/CommonLibs/GPIOGeneralInterface.o
                0x00000000080032e2                GPIOPWMWriteByPin
 .text.GPIOAnalogWriteByPin
                0x0000000008003300       0x1e ./Application/CommonLibs/GPIOGeneralInterface.o
                0x0000000008003300                GPIOAnalogWriteByPin
 .text.GPIOAnalogReadByPin
                0x000000000800331e       0x1e ./Application/CommonLibs/GPIOGeneralInterface.o
                0x000000000800331e                GPIOAnalogReadByPin
 .text.GPIOSetInterruptNotImplem
                0x000000000800333c       0x24 ./Application/CommonLibs/GPIOGeneralInterface.o
                0x000000000800333c                GPIOSetInterruptNotImplem
 .text.I2CInterfaceInitialize
                0x0000000008003360       0xb0 ./Application/CommonLibs/I2CGeneralInterface.o
                0x0000000008003360                I2CInterfaceInitialize
 .text.I2CIfaceNoInitializePort
                0x0000000008003410       0x20 ./Application/CommonLibs/I2CGeneralInterface.o
                0x0000000008003410                I2CIfaceNoInitializePort
 .text.I2CIfaceNoShutdownPort
                0x0000000008003430       0x18 ./Application/CommonLibs/I2CGeneralInterface.o
                0x0000000008003430                I2CIfaceNoShutdownPort
 .text.I2CIfaceNoReadUint8Reg
                0x0000000008003448       0x22 ./Application/CommonLibs/I2CGeneralInterface.o
                0x0000000008003448                I2CIfaceNoReadUint8Reg
 .text.I2CIfaceNoReadData
                0x000000000800346a       0x22 ./Application/CommonLibs/I2CGeneralInterface.o
                0x000000000800346a                I2CIfaceNoReadData
 .text.I2CIfaceNoWriteUint8Reg
                0x000000000800348c       0x2a ./Application/CommonLibs/I2CGeneralInterface.o
                0x000000000800348c                I2CIfaceNoWriteUint8Reg
 .text.I2CIfaceNoWriteData
                0x00000000080034b6       0x22 ./Application/CommonLibs/I2CGeneralInterface.o
                0x00000000080034b6                I2CIfaceNoWriteData
 .text.I2CIfaceNoGeneralCall
                0x00000000080034d8       0x1c ./Application/CommonLibs/I2CGeneralInterface.o
                0x00000000080034d8                I2CIfaceNoGeneralCall
 .text.I2CIfaceNoSlaveListenEnable
                0x00000000080034f4       0x20 ./Application/CommonLibs/I2CGeneralInterface.o
                0x00000000080034f4                I2CIfaceNoSlaveListenEnable
 .text.I2CIfaceNoSlaveSetAddrHandler
                0x0000000008003514       0x1a ./Application/CommonLibs/I2CGeneralInterface.o
                0x0000000008003514                I2CIfaceNoSlaveSetAddrHandler
 .text.I2CIfaceNoSlaveSetRecvCompHandler
                0x000000000800352e       0x1a ./Application/CommonLibs/I2CGeneralInterface.o
                0x000000000800352e                I2CIfaceNoSlaveSetRecvCompHandler
 .text.I2CIfaceNoSlaveSetSendCompHandler
                0x0000000008003548       0x1a ./Application/CommonLibs/I2CGeneralInterface.o
                0x0000000008003548                I2CIfaceNoSlaveSetSendCompHandler
 .text.I2CIfaceNoSlaveSendData
                0x0000000008003562       0x1e ./Application/CommonLibs/I2CGeneralInterface.o
                0x0000000008003562                I2CIfaceNoSlaveSendData
 .text.I2CIfaceNoSlaveRecvData
                0x0000000008003580       0x1e ./Application/CommonLibs/I2CGeneralInterface.o
                0x0000000008003580                I2CIfaceNoSlaveRecvData
 *fill*         0x000000000800359e        0x2 
 .text.SPIInterfaceInitialize
                0x00000000080035a0       0x70 ./Application/CommonLibs/SPIGeneralInterface.o
                0x00000000080035a0                SPIInterfaceInitialize
 .text.SPIPortInitialize
                0x0000000008003610       0x1e ./Application/CommonLibs/SPIGeneralInterface.o
                0x0000000008003610                SPIPortInitialize
 .text.SPIBeginTransfer
                0x000000000800362e       0x18 ./Application/CommonLibs/SPIGeneralInterface.o
                0x000000000800362e                SPIBeginTransfer
 .text.SPIEndTransfer
                0x0000000008003646       0x18 ./Application/CommonLibs/SPIGeneralInterface.o
                0x0000000008003646                SPIEndTransfer
 .text.SPITransferByte
                0x000000000800365e       0x1e ./Application/CommonLibs/SPIGeneralInterface.o
                0x000000000800365e                SPITransferByte
 .text.SPITransfer2Bytes
                0x000000000800367c       0x1c ./Application/CommonLibs/SPIGeneralInterface.o
                0x000000000800367c                SPITransfer2Bytes
 .text.SPIGetCapabilities
                0x0000000008003698       0x16 ./Application/CommonLibs/SPIGeneralInterface.o
                0x0000000008003698                SPIGetCapabilities
 *fill*         0x00000000080036ae        0x2 
 .text.TimeInterfaceInitialize
                0x00000000080036b0       0x80 ./Application/CommonLibs/TimeGeneralInterface.o
                0x00000000080036b0                TimeInterfaceInitialize
 .text.TimeCurrentTicksNotImplemented
                0x0000000008003730       0x10 ./Application/CommonLibs/TimeGeneralInterface.o
                0x0000000008003730                TimeCurrentTicksNotImplemented
 .text.TimeDelayNotImplemented
                0x0000000008003740       0x18 ./Application/CommonLibs/TimeGeneralInterface.o
                0x0000000008003740                TimeDelayNotImplemented
 .text.WatchdogNotImplemented
                0x0000000008003758       0x12 ./Application/CommonLibs/TimeGeneralInterface.o
                0x0000000008003758                WatchdogNotImplemented
 .text.TimerStartNotImplemented
                0x000000000800376a       0x18 ./Application/CommonLibs/TimeGeneralInterface.o
                0x000000000800376a                TimerStartNotImplemented
 .text.TimerStopNotImplemented
                0x0000000008003782       0x18 ./Application/CommonLibs/TimeGeneralInterface.o
                0x0000000008003782                TimerStopNotImplemented
 .text.TimerSetMillisecondsNotImplemented
                0x000000000800379a       0x1a ./Application/CommonLibs/TimeGeneralInterface.o
                0x000000000800379a                TimerSetMillisecondsNotImplemented
 .text.TimerInterruptNotImplemented
                0x00000000080037b4       0x1c ./Application/CommonLibs/TimeGeneralInterface.o
                0x00000000080037b4                TimerInterruptNotImplemented
 .text.UARTInterfaceInitialize
                0x00000000080037d0       0x54 ./Application/CommonLibs/UARTGeneralInterface.o
                0x00000000080037d0                UARTInterfaceInitialize
 .text.UARTPortInitialize
                0x0000000008003824       0x20 ./Application/CommonLibs/UARTGeneralInterface.o
                0x0000000008003824                UARTPortInitialize
 .text.UARTShutdown
                0x0000000008003844       0x18 ./Application/CommonLibs/UARTGeneralInterface.o
                0x0000000008003844                UARTShutdown
 .text.UARTReadData
                0x000000000800385c       0x20 ./Application/CommonLibs/UARTGeneralInterface.o
                0x000000000800385c                UARTReadData
 .text.UARTWriteData
                0x000000000800387c       0x1e ./Application/CommonLibs/UARTGeneralInterface.o
                0x000000000800387c                UARTWriteData
 .text.UARTDataAvailable
                0x000000000800389a       0x1a ./Application/CommonLibs/UARTGeneralInterface.o
                0x000000000800389a                UARTDataAvailable
 .text.UARTWaitDataSend
                0x00000000080038b4       0x18 ./Application/CommonLibs/UARTGeneralInterface.o
                0x00000000080038b4                UARTWaitDataSend
 .text.APA102Initialize
                0x00000000080038cc       0x4c ./Application/Drivers/APA102Driver.o
                0x00000000080038cc                APA102Initialize
 .text.APA102SetLightColor
                0x0000000008003918       0x70 ./Application/Drivers/APA102Driver.o
                0x0000000008003918                APA102SetLightColor
 .text.APA102UpdateLights
                0x0000000008003988      0x14c ./Application/Drivers/APA102Driver.o
                0x0000000008003988                APA102UpdateLights
 .text.BoardSetup
                0x0000000008003ad4       0x60 ./Application/Drivers/BoardSupport.o
                0x0000000008003ad4                BoardSetup
 .text.NucleoGPIOPortInitialize
                0x0000000008003b34      0x120 ./Application/Drivers/GPIO_NucleoL412KB.o
                0x0000000008003b34                NucleoGPIOPortInitialize
 .text.NucleoGPIOSetModeByPin
                0x0000000008003c54       0x1e ./Application/Drivers/GPIO_NucleoL412KB.o
                0x0000000008003c54                NucleoGPIOSetModeByPin
 .text.NucleoGPIODigitalWriteByPin
                0x0000000008003c72       0x4c ./Application/Drivers/GPIO_NucleoL412KB.o
                0x0000000008003c72                NucleoGPIODigitalWriteByPin
 .text.NucleoGPIODigitalReadByPin
                0x0000000008003cbe       0x42 ./Application/Drivers/GPIO_NucleoL412KB.o
                0x0000000008003cbe                NucleoGPIODigitalReadByPin
 .text.NucleoGPIOSetInterrupt
                0x0000000008003d00      0x1f0 ./Application/Drivers/GPIO_NucleoL412KB.o
                0x0000000008003d00                NucleoGPIOSetInterrupt
 .text.NucleoTimeInitialize
                0x0000000008003ef0       0x70 ./Application/Drivers/GPIO_NucleoL412KB.o
                0x0000000008003ef0                NucleoTimeInitialize
 .text.NucleoGetCurrentTicks
                0x0000000008003f60        0xe ./Application/Drivers/GPIO_NucleoL412KB.o
                0x0000000008003f60                NucleoGetCurrentTicks
 .text.NucleoTimeDelaySeconds
                0x0000000008003f6e       0x22 ./Application/Drivers/GPIO_NucleoL412KB.o
                0x0000000008003f6e                NucleoTimeDelaySeconds
 .text.NucleoTimeDelayMilliSeconds
                0x0000000008003f90       0x18 ./Application/Drivers/GPIO_NucleoL412KB.o
                0x0000000008003f90                NucleoTimeDelayMilliSeconds
 .text.NucleoWatchdogRefresh
                0x0000000008003fa8       0x14 ./Application/Drivers/GPIO_NucleoL412KB.o
                0x0000000008003fa8                NucleoWatchdogRefresh
 .text.NucleoTimerStart
                0x0000000008003fbc       0x26 ./Application/Drivers/GPIO_NucleoL412KB.o
                0x0000000008003fbc                NucleoTimerStart
 .text.NucleoTimerStop
                0x0000000008003fe2       0x26 ./Application/Drivers/GPIO_NucleoL412KB.o
                0x0000000008003fe2                NucleoTimerStop
 .text.NucleoTimerSetMilliseconds
                0x0000000008004008       0x90 ./Application/Drivers/GPIO_NucleoL412KB.o
                0x0000000008004008                NucleoTimerSetMilliseconds
 .text.NucleoIntSetHandler
                0x0000000008004098       0x2a ./Application/Drivers/GPIO_NucleoL412KB.o
                0x0000000008004098                NucleoIntSetHandler
 *fill*         0x00000000080040c2        0x2 
 .text.HAL_TIM_OC_DelayElapsedCallback
                0x00000000080040c4       0x30 ./Application/Drivers/GPIO_NucleoL412KB.o
                0x00000000080040c4                HAL_TIM_OC_DelayElapsedCallback
 .text.NucleoI2CInitialize
                0x00000000080040f4      0x100 ./Application/Drivers/I2C_NucleoL412KB.o
                0x00000000080040f4                NucleoI2CInitialize
 .text.NucleoI2CReadUint8Reg
                0x00000000080041f4       0x4c ./Application/Drivers/I2C_NucleoL412KB.o
                0x00000000080041f4                NucleoI2CReadUint8Reg
 .text.NucleoI2CReadData
                0x0000000008004240       0x5a ./Application/Drivers/I2C_NucleoL412KB.o
                0x0000000008004240                NucleoI2CReadData
 .text.NucleoI2CWriteUint8Reg
                0x000000000800429a       0x5e ./Application/Drivers/I2C_NucleoL412KB.o
                0x000000000800429a                NucleoI2CWriteUint8Reg
 .text.NucleoI2CWriteData
                0x00000000080042f8       0x4e ./Application/Drivers/I2C_NucleoL412KB.o
                0x00000000080042f8                NucleoI2CWriteData
 .text.NucleoI2CGeneralCall
                0x0000000008004346       0x2e ./Application/Drivers/I2C_NucleoL412KB.o
                0x0000000008004346                NucleoI2CGeneralCall
 .text.NucleoI2CSlaveListenEnable
                0x0000000008004374       0x88 ./Application/Drivers/I2C_NucleoL412KB.o
                0x0000000008004374                NucleoI2CSlaveListenEnable
 .text.NucleoI2CSlaveSetAddrHandler
                0x00000000080043fc       0x24 ./Application/Drivers/I2C_NucleoL412KB.o
                0x00000000080043fc                NucleoI2CSlaveSetAddrHandler
 .text.NucleoI2CSlaveSetRecvCompHandler
                0x0000000008004420       0x24 ./Application/Drivers/I2C_NucleoL412KB.o
                0x0000000008004420                NucleoI2CSlaveSetRecvCompHandler
 .text.NucleoI2CSlaveSetTransCompHandler
                0x0000000008004444       0x24 ./Application/Drivers/I2C_NucleoL412KB.o
                0x0000000008004444                NucleoI2CSlaveSetTransCompHandler
 .text.NucleoI2CSlaveSetSendCompHandler
                0x0000000008004468       0x24 ./Application/Drivers/I2C_NucleoL412KB.o
                0x0000000008004468                NucleoI2CSlaveSetSendCompHandler
 .text.NucleoI2CSlaveSendData
                0x000000000800448c       0x3e ./Application/Drivers/I2C_NucleoL412KB.o
                0x000000000800448c                NucleoI2CSlaveSendData
 .text.NucleoI2CSlaveRecvData
                0x00000000080044ca       0x3e ./Application/Drivers/I2C_NucleoL412KB.o
                0x00000000080044ca                NucleoI2CSlaveRecvData
 .text.HAL_I2C_AddrCallback
                0x0000000008004508       0x7c ./Application/Drivers/I2C_NucleoL412KB.o
                0x0000000008004508                HAL_I2C_AddrCallback
 .text.HAL_I2C_SlaveTxCpltCallback
                0x0000000008004584       0x54 ./Application/Drivers/I2C_NucleoL412KB.o
                0x0000000008004584                HAL_I2C_SlaveTxCpltCallback
 .text.HAL_I2C_SlaveRxCpltCallback
                0x00000000080045d8       0x54 ./Application/Drivers/I2C_NucleoL412KB.o
                0x00000000080045d8                HAL_I2C_SlaveRxCpltCallback
 .text.HAL_I2C_ListenCpltCallback
                0x000000000800462c       0x54 ./Application/Drivers/I2C_NucleoL412KB.o
                0x000000000800462c                HAL_I2C_ListenCpltCallback
 .text.PinSetup
                0x0000000008004680       0xe8 ./Application/Drivers/PinSupport.o
                0x0000000008004680                PinSetup
 .text.TimerCallback
                0x0000000008004768       0x6c ./Application/Drivers/PinSupport.o
                0x0000000008004768                TimerCallback
 .text.NucleoInitializeSPIBus
                0x00000000080047d4       0x68 ./Application/Drivers/SPI_NucleoL412KB.o
                0x00000000080047d4                NucleoInitializeSPIBus
 .text.NucleoGetCapabilities
                0x000000000800483c       0x16 ./Application/Drivers/SPI_NucleoL412KB.o
                0x000000000800483c                NucleoGetCapabilities
 .text.NucleoBeginTransfer
                0x0000000008004852       0x16 ./Application/Drivers/SPI_NucleoL412KB.o
                0x0000000008004852                NucleoBeginTransfer
 .text.NucleoEndTransfer
                0x0000000008004868       0x16 ./Application/Drivers/SPI_NucleoL412KB.o
                0x0000000008004868                NucleoEndTransfer
 .text.NucleoTransferByte
                0x000000000800487e       0x3c ./Application/Drivers/SPI_NucleoL412KB.o
                0x000000000800487e                NucleoTransferByte
 *fill*         0x00000000080048ba        0x2 
 .text.NucleoUARTPortInitialize
                0x00000000080048bc       0x70 ./Application/Drivers/UART_NucleoL412KB.o
                0x00000000080048bc                NucleoUARTPortInitialize
 .text.NucleoUARTShutdown
                0x000000000800492c       0x18 ./Application/Drivers/UART_NucleoL412KB.o
                0x000000000800492c                NucleoUARTShutdown
 .text.NucleoUARTReadData
                0x0000000008004944       0x54 ./Application/Drivers/UART_NucleoL412KB.o
                0x0000000008004944                NucleoUARTReadData
 .text.NucleoUARTWriteData
                0x0000000008004998       0x3c ./Application/Drivers/UART_NucleoL412KB.o
                0x0000000008004998                NucleoUARTWriteData
 .text.NucleoUARTDataAvailable
                0x00000000080049d4       0x1a ./Application/Drivers/UART_NucleoL412KB.o
                0x00000000080049d4                NucleoUARTDataAvailable
 .text.NucleoUARTWaitDataSend
                0x00000000080049ee       0x18 ./Application/Drivers/UART_NucleoL412KB.o
                0x00000000080049ee                NucleoUARTWaitDataSend
 .text.XBeeInitialize
                0x0000000008004a06       0x46 ./Application/Drivers/XBeeDriver.o
                0x0000000008004a06                XBeeInitialize
 .text.vApplicationGetIdleTaskMemory
                0x0000000008004a4c       0x34 ./Core/Src/freertos.o
                0x0000000008004a4c                vApplicationGetIdleTaskMemory
 .text.MX_FREERTOS_Init
                0x0000000008004a80       0x38 ./Core/Src/freertos.o
                0x0000000008004a80                MX_FREERTOS_Init
 .text.MX_GPIO_Init
                0x0000000008004ab8      0x110 ./Core/Src/gpio.o
                0x0000000008004ab8                MX_GPIO_Init
 .text.MX_I2C1_Init
                0x0000000008004bc8       0x80 ./Core/Src/i2c.o
                0x0000000008004bc8                MX_I2C1_Init
 .text.MX_I2C3_Init
                0x0000000008004c48       0x80 ./Core/Src/i2c.o
                0x0000000008004c48                MX_I2C3_Init
 .text.HAL_I2C_MspInit
                0x0000000008004cc8      0x18c ./Core/Src/i2c.o
                0x0000000008004cc8                HAL_I2C_MspInit
 .text.HAL_I2C_MspDeInit
                0x0000000008004e54       0x84 ./Core/Src/i2c.o
                0x0000000008004e54                HAL_I2C_MspDeInit
 .text.MX_IWDG_Init
                0x0000000008004ed8       0x3c ./Core/Src/iwdg.o
                0x0000000008004ed8                MX_IWDG_Init
 .text.main     0x0000000008004f14       0x36 ./Core/Src/main.o
                0x0000000008004f14                main
 *fill*         0x0000000008004f4a        0x2 
 .text.SystemClock_Config
                0x0000000008004f4c       0xb0 ./Core/Src/main.o
                0x0000000008004f4c                SystemClock_Config
 .text.HAL_TIM_PeriodElapsedCallback
                0x0000000008004ffc       0x24 ./Core/Src/main.o
                0x0000000008004ffc                HAL_TIM_PeriodElapsedCallback
 .text.Error_Handler
                0x0000000008005020        0xa ./Core/Src/main.o
                0x0000000008005020                Error_Handler
 *fill*         0x000000000800502a        0x2 
 .text.MX_SPI1_Init
                0x000000000800502c       0x7c ./Core/Src/spi.o
                0x000000000800502c                MX_SPI1_Init
 .text.HAL_SPI_MspInit
                0x00000000080050a8       0xc0 ./Core/Src/spi.o
                0x00000000080050a8                HAL_SPI_MspInit
 .text.HAL_MspInit
                0x0000000008005168       0x50 ./Core/Src/stm32l4xx_hal_msp.o
                0x0000000008005168                HAL_MspInit
 .text.HAL_InitTick
                0x00000000080051b8       0xac ./Core/Src/stm32l4xx_hal_timebase_tim.o
                0x00000000080051b8                HAL_InitTick
 .text.NMI_Handler
                0x0000000008005264        0x6 ./Core/Src/stm32l4xx_it.o
                0x0000000008005264                NMI_Handler
 .text.HardFault_Handler
                0x000000000800526a        0x6 ./Core/Src/stm32l4xx_it.o
                0x000000000800526a                HardFault_Handler
 .text.MemManage_Handler
                0x0000000008005270        0x6 ./Core/Src/stm32l4xx_it.o
                0x0000000008005270                MemManage_Handler
 .text.BusFault_Handler
                0x0000000008005276        0x6 ./Core/Src/stm32l4xx_it.o
                0x0000000008005276                BusFault_Handler
 .text.UsageFault_Handler
                0x000000000800527c        0x6 ./Core/Src/stm32l4xx_it.o
                0x000000000800527c                UsageFault_Handler
 .text.DebugMon_Handler
                0x0000000008005282        0xe ./Core/Src/stm32l4xx_it.o
                0x0000000008005282                DebugMon_Handler
 .text.TIM1_UP_TIM16_IRQHandler
                0x0000000008005290       0x14 ./Core/Src/stm32l4xx_it.o
                0x0000000008005290                TIM1_UP_TIM16_IRQHandler
 .text.TIM2_IRQHandler
                0x00000000080052a4       0x14 ./Core/Src/stm32l4xx_it.o
                0x00000000080052a4                TIM2_IRQHandler
 .text.I2C3_EV_IRQHandler
                0x00000000080052b8       0x14 ./Core/Src/stm32l4xx_it.o
                0x00000000080052b8                I2C3_EV_IRQHandler
 .text.I2C3_ER_IRQHandler
                0x00000000080052cc       0x14 ./Core/Src/stm32l4xx_it.o
                0x00000000080052cc                I2C3_ER_IRQHandler
 .text._sbrk    0x00000000080052e0       0x6c ./Core/Src/sysmem.o
                0x00000000080052e0                _sbrk
 .text.SystemInit
                0x000000000800534c       0x6c ./Core/Src/system_stm32l4xx.o
                0x000000000800534c                SystemInit
 .text.MX_TIM2_Init
                0x00000000080053b8       0xac ./Core/Src/tim.o
                0x00000000080053b8                MX_TIM2_Init
 .text.HAL_TIM_OC_MspInit
                0x0000000008005464       0x48 ./Core/Src/tim.o
                0x0000000008005464                HAL_TIM_OC_MspInit
 .text.MX_USART1_UART_Init
                0x00000000080054ac       0x60 ./Core/Src/usart.o
                0x00000000080054ac                MX_USART1_UART_Init
 .text.MX_USART2_UART_Init
                0x000000000800550c       0x60 ./Core/Src/usart.o
                0x000000000800550c                MX_USART2_UART_Init
 .text.HAL_UART_MspInit
                0x000000000800556c      0x130 ./Core/Src/usart.o
                0x000000000800556c                HAL_UART_MspInit
 .text.Reset_Handler
                0x000000000800569c       0x50 ./Core/Startup/startup_stm32l412kbux.o
                0x000000000800569c                Reset_Handler
 .text.Default_Handler
                0x00000000080056ec        0x2 ./Core/Startup/startup_stm32l412kbux.o
                0x00000000080056ec                RTC_Alarm_IRQHandler
                0x00000000080056ec                EXTI2_IRQHandler
                0x00000000080056ec                TIM1_CC_IRQHandler
                0x00000000080056ec                TSC_IRQHandler
                0x00000000080056ec                TIM6_IRQHandler
                0x00000000080056ec                TAMP_STAMP_IRQHandler
                0x00000000080056ec                EXTI3_IRQHandler
                0x00000000080056ec                LPTIM2_IRQHandler
                0x00000000080056ec                EXTI0_IRQHandler
                0x00000000080056ec                I2C2_EV_IRQHandler
                0x00000000080056ec                FPU_IRQHandler
                0x00000000080056ec                ADC1_2_IRQHandler
                0x00000000080056ec                SPI1_IRQHandler
                0x00000000080056ec                DMA2_Channel2_IRQHandler
                0x00000000080056ec                DMA1_Channel4_IRQHandler
                0x00000000080056ec                USART3_IRQHandler
                0x00000000080056ec                DMA1_Channel7_IRQHandler
                0x00000000080056ec                DMA2_Channel1_IRQHandler
                0x00000000080056ec                QUADSPI_IRQHandler
                0x00000000080056ec                I2C1_EV_IRQHandler
                0x00000000080056ec                DMA1_Channel6_IRQHandler
                0x00000000080056ec                DMA2_Channel4_IRQHandler
                0x00000000080056ec                RCC_IRQHandler
                0x00000000080056ec                TIM1_TRG_COM_IRQHandler
                0x00000000080056ec                DMA1_Channel1_IRQHandler
                0x00000000080056ec                Default_Handler
                0x00000000080056ec                DMA2_Channel7_IRQHandler
                0x00000000080056ec                EXTI15_10_IRQHandler
                0x00000000080056ec                USB_IRQHandler
                0x00000000080056ec                EXTI9_5_IRQHandler
                0x00000000080056ec                RTC_WKUP_IRQHandler
                0x00000000080056ec                PVD_PVM_IRQHandler
                0x00000000080056ec                SPI2_IRQHandler
                0x00000000080056ec                DMA2_Channel5_IRQHandler
                0x00000000080056ec                CRS_IRQHandler
                0x00000000080056ec                DMA1_Channel5_IRQHandler
                0x00000000080056ec                EXTI4_IRQHandler
                0x00000000080056ec                RNG_IRQHandler
                0x00000000080056ec                DMA1_Channel3_IRQHandler
                0x00000000080056ec                COMP_IRQHandler
                0x00000000080056ec                WWDG_IRQHandler
                0x00000000080056ec                LPUART1_IRQHandler
                0x00000000080056ec                DMA2_Channel6_IRQHandler
                0x00000000080056ec                EXTI1_IRQHandler
                0x00000000080056ec                USART2_IRQHandler
                0x00000000080056ec                I2C2_ER_IRQHandler
                0x00000000080056ec                DMA1_Channel2_IRQHandler
                0x00000000080056ec                FLASH_IRQHandler
                0x00000000080056ec                USART1_IRQHandler
                0x00000000080056ec                I2C1_ER_IRQHandler
                0x00000000080056ec                LPTIM1_IRQHandler
                0x00000000080056ec                DMA2_Channel3_IRQHandler
                0x00000000080056ec                TIM1_BRK_TIM15_IRQHandler
 .text.HAL_Init
                0x00000000080056ee       0x30 ./Drivers/STM32L4xx_HAL_Driver/Src/stm32l4xx_hal.o
                0x00000000080056ee                HAL_Init
 *fill*         0x000000000800571e        0x2 
 .text.HAL_IncTick
                0x0000000008005720       0x28 ./Drivers/STM32L4xx_HAL_Driver/Src/stm32l4xx_hal.o
                0x0000000008005720                HAL_IncTick
 .text.HAL_GetTick
                0x0000000008005748       0x18 ./Drivers/STM32L4xx_HAL_Driver/Src/stm32l4xx_hal.o
                0x0000000008005748                HAL_GetTick
 .text.__NVIC_SetPriorityGrouping
                0x0000000008005760       0x48 ./Drivers/STM32L4xx_HAL_Driver/Src/stm32l4xx_hal_cortex.o
 .text.__NVIC_GetPriorityGrouping
                0x00000000080057a8       0x1c ./Drivers/STM32L4xx_HAL_Driver/Src/stm32l4xx_hal_cortex.o
 .text.__NVIC_EnableIRQ
                0x00000000080057c4       0x3c ./Drivers/STM32L4xx_HAL_Driver/Src/stm32l4xx_hal_cortex.o
 .text.__NVIC_DisableIRQ
                0x0000000008005800       0x48 ./Drivers/STM32L4xx_HAL_Driver/Src/stm32l4xx_hal_cortex.o
 .text.__NVIC_SetPriority
                0x0000000008005848       0x54 ./Drivers/STM32L4xx_HAL_Driver/Src/stm32l4xx_hal_cortex.o
 .text.NVIC_EncodePriority
                0x000000000800589c       0x66 ./Drivers/STM32L4xx_HAL_Driver/Src/stm32l4xx_hal_cortex.o
 .text.HAL_NVIC_SetPriorityGrouping
                0x0000000008005902       0x16 ./Drivers/STM32L4xx_HAL_Driver/Src/stm32l4xx_hal_cortex.o
                0x0000000008005902                HAL_NVIC_SetPriorityGrouping
 .text.HAL_NVIC_SetPriority
                0x0000000008005918       0x38 ./Drivers/STM32L4xx_HAL_Driver/Src/stm32l4xx_hal_cortex.o
                0x0000000008005918                HAL_NVIC_SetPriority
 .text.HAL_NVIC_EnableIRQ
                0x0000000008005950       0x1c ./Drivers/STM32L4xx_HAL_Driver/Src/stm32l4xx_hal_cortex.o
                0x0000000008005950                HAL_NVIC_EnableIRQ
 .text.HAL_NVIC_DisableIRQ
                0x000000000800596c       0x1c ./Drivers/STM32L4xx_HAL_Driver/Src/stm32l4xx_hal_cortex.o
                0x000000000800596c                HAL_NVIC_DisableIRQ
 .text.HAL_DMA_Abort_IT
                0x0000000008005988       0x82 ./Drivers/STM32L4xx_HAL_Driver/Src/stm32l4xx_hal_dma.o
                0x0000000008005988                HAL_DMA_Abort_IT
 .text.HAL_DMA_GetState
                0x0000000008005a0a       0x1c ./Drivers/STM32L4xx_HAL_Driver/Src/stm32l4xx_hal_dma.o
                0x0000000008005a0a                HAL_DMA_GetState
 *fill*         0x0000000008005a26        0x2 
 .text.HAL_GPIO_Init
                0x0000000008005a28      0x2e4 ./Drivers/STM32L4xx_HAL_Driver/Src/stm32l4xx_hal_gpio.o
                0x0000000008005a28                HAL_GPIO_Init
 .text.HAL_GPIO_DeInit
                0x0000000008005d0c      0x1a4 ./Drivers/STM32L4xx_HAL_Driver/Src/stm32l4xx_hal_gpio.o
                0x0000000008005d0c                HAL_GPIO_DeInit
 .text.HAL_GPIO_ReadPin
                0x0000000008005eb0       0x30 ./Drivers/STM32L4xx_HAL_Driver/Src/stm32l4xx_hal_gpio.o
                0x0000000008005eb0                HAL_GPIO_ReadPin
 .text.HAL_GPIO_WritePin
                0x0000000008005ee0       0x30 ./Drivers/STM32L4xx_HAL_Driver/Src/stm32l4xx_hal_gpio.o
                0x0000000008005ee0                HAL_GPIO_WritePin
 .text.HAL_I2C_Init
                0x0000000008005f10      0x11e ./Drivers/STM32L4xx_HAL_Driver/Src/stm32l4xx_hal_i2c.o
                0x0000000008005f10                HAL_I2C_Init
 .text.HAL_I2C_DeInit
                0x000000000800602e       0x5e ./Drivers/STM32L4xx_HAL_Driver/Src/stm32l4xx_hal_i2c.o
                0x000000000800602e                HAL_I2C_DeInit
 .text.HAL_I2C_Master_Transmit
                0x000000000800608c      0x1e8 ./Drivers/STM32L4xx_HAL_Driver/Src/stm32l4xx_hal_i2c.o
                0x000000000800608c                HAL_I2C_Master_Transmit
 .text.HAL_I2C_Master_Receive
                0x0000000008006274      0x1ec ./Drivers/STM32L4xx_HAL_Driver/Src/stm32l4xx_hal_i2c.o
                0x0000000008006274                HAL_I2C_Master_Receive
 .text.HAL_I2C_Slave_Seq_Transmit_IT
                0x0000000008006460      0x148 ./Drivers/STM32L4xx_HAL_Driver/Src/stm32l4xx_hal_i2c.o
                0x0000000008006460                HAL_I2C_Slave_Seq_Transmit_IT
 .text.HAL_I2C_Slave_Seq_Receive_IT
                0x00000000080065a8      0x148 ./Drivers/STM32L4xx_HAL_Driver/Src/stm32l4xx_hal_i2c.o
                0x00000000080065a8                HAL_I2C_Slave_Seq_Receive_IT
 .text.HAL_I2C_EnableListen_IT
                0x00000000080066f0       0x40 ./Drivers/STM32L4xx_HAL_Driver/Src/stm32l4xx_hal_i2c.o
                0x00000000080066f0                HAL_I2C_EnableListen_IT
 .text.HAL_I2C_DisableListen_IT
                0x0000000008006730       0x62 ./Drivers/STM32L4xx_HAL_Driver/Src/stm32l4xx_hal_i2c.o
                0x0000000008006730                HAL_I2C_DisableListen_IT
 .text.HAL_I2C_EV_IRQHandler
                0x0000000008006792       0x34 ./Drivers/STM32L4xx_HAL_Driver/Src/stm32l4xx_hal_i2c.o
                0x0000000008006792                HAL_I2C_EV_IRQHandler
 .text.HAL_I2C_ER_IRQHandler
                0x00000000080067c6       0xc2 ./Drivers/STM32L4xx_HAL_Driver/Src/stm32l4xx_hal_i2c.o
                0x00000000080067c6                HAL_I2C_ER_IRQHandler
 .text.HAL_I2C_MasterTxCpltCallback
                0x0000000008006888       0x14 ./Drivers/STM32L4xx_HAL_Driver/Src/stm32l4xx_hal_i2c.o
                0x0000000008006888                HAL_I2C_MasterTxCpltCallback
 .text.HAL_I2C_MasterRxCpltCallback
                0x000000000800689c       0x14 ./Drivers/STM32L4xx_HAL_Driver/Src/stm32l4xx_hal_i2c.o
                0x000000000800689c                HAL_I2C_MasterRxCpltCallback
 .text.HAL_I2C_MemTxCpltCallback
                0x00000000080068b0       0x14 ./Drivers/STM32L4xx_HAL_Driver/Src/stm32l4xx_hal_i2c.o
                0x00000000080068b0                HAL_I2C_MemTxCpltCallback
 .text.HAL_I2C_MemRxCpltCallback
                0x00000000080068c4       0x14 ./Drivers/STM32L4xx_HAL_Driver/Src/stm32l4xx_hal_i2c.o
                0x00000000080068c4                HAL_I2C_MemRxCpltCallback
 .text.HAL_I2C_ErrorCallback
                0x00000000080068d8       0x14 ./Drivers/STM32L4xx_HAL_Driver/Src/stm32l4xx_hal_i2c.o
                0x00000000080068d8                HAL_I2C_ErrorCallback
 .text.HAL_I2C_AbortCpltCallback
                0x00000000080068ec       0x14 ./Drivers/STM32L4xx_HAL_Driver/Src/stm32l4xx_hal_i2c.o
                0x00000000080068ec                HAL_I2C_AbortCpltCallback
 .text.I2C_Slave_ISR_IT
                0x0000000008006900      0x206 ./Drivers/STM32L4xx_HAL_Driver/Src/stm32l4xx_hal_i2c.o
 .text.I2C_Master_ISR_DMA
                0x0000000008006b06      0x1e6 ./Drivers/STM32L4xx_HAL_Driver/Src/stm32l4xx_hal_i2c.o
 .text.I2C_Slave_ISR_DMA
                0x0000000008006cec      0x1c0 ./Drivers/STM32L4xx_HAL_Driver/Src/stm32l4xx_hal_i2c.o
 .text.I2C_ITAddrCplt
                0x0000000008006eac      0x108 ./Drivers/STM32L4xx_HAL_Driver/Src/stm32l4xx_hal_i2c.o
 .text.I2C_ITMasterSeqCplt
                0x0000000008006fb4       0x7a ./Drivers/STM32L4xx_HAL_Driver/Src/stm32l4xx_hal_i2c.o
 .text.I2C_ITSlaveSeqCplt
                0x000000000800702e       0xbc ./Drivers/STM32L4xx_HAL_Driver/Src/stm32l4xx_hal_i2c.o
 *fill*         0x00000000080070ea        0x2 
 .text.I2C_ITMasterCplt
                0x00000000080070ec      0x194 ./Drivers/STM32L4xx_HAL_Driver/Src/stm32l4xx_hal_i2c.o
 .text.I2C_ITSlaveCplt
                0x0000000008007280      0x214 ./Drivers/STM32L4xx_HAL_Driver/Src/stm32l4xx_hal_i2c.o
 .text.I2C_ITListenCplt
                0x0000000008007494       0xac ./Drivers/STM32L4xx_HAL_Driver/Src/stm32l4xx_hal_i2c.o
 .text.I2C_ITError
                0x0000000008007540      0x1a0 ./Drivers/STM32L4xx_HAL_Driver/Src/stm32l4xx_hal_i2c.o
 .text.I2C_TreatErrorCallback
                0x00000000080076e0       0x4e ./Drivers/STM32L4xx_HAL_Driver/Src/stm32l4xx_hal_i2c.o
 .text.I2C_Flush_TXDR
                0x000000000800772e       0x48 ./Drivers/STM32L4xx_HAL_Driver/Src/stm32l4xx_hal_i2c.o
 .text.I2C_DMAAbort
                0x0000000008007776       0x3c ./Drivers/STM32L4xx_HAL_Driver/Src/stm32l4xx_hal_i2c.o
 .text.I2C_WaitOnFlagUntilTimeout
                0x00000000080077b2       0x80 ./Drivers/STM32L4xx_HAL_Driver/Src/stm32l4xx_hal_i2c.o
 .text.I2C_WaitOnTXISFlagUntilTimeout
                0x0000000008007832       0x80 ./Drivers/STM32L4xx_HAL_Driver/Src/stm32l4xx_hal_i2c.o
 .text.I2C_WaitOnSTOPFlagUntilTimeout
                0x00000000080078b2       0x78 ./Drivers/STM32L4xx_HAL_Driver/Src/stm32l4xx_hal_i2c.o
 *fill*         0x000000000800792a        0x2 
 .text.I2C_WaitOnRXNEFlagUntilTimeout
                0x000000000800792c       0xd8 ./Drivers/STM32L4xx_HAL_Driver/Src/stm32l4xx_hal_i2c.o
 .text.I2C_IsAcknowledgeFailed
                0x0000000008007a04       0xcc ./Drivers/STM32L4xx_HAL_Driver/Src/stm32l4xx_hal_i2c.o
 .text.I2C_TransferConfig
                0x0000000008007ad0       0x5c ./Drivers/STM32L4xx_HAL_Driver/Src/stm32l4xx_hal_i2c.o
 .text.I2C_Enable_IRQ
                0x0000000008007b2c       0xc8 ./Drivers/STM32L4xx_HAL_Driver/Src/stm32l4xx_hal_i2c.o
 .text.I2C_Disable_IRQ
                0x0000000008007bf4       0xbc ./Drivers/STM32L4xx_HAL_Driver/Src/stm32l4xx_hal_i2c.o
 .text.HAL_I2CEx_ConfigAnalogFilter
                0x0000000008007cb0       0x96 ./Drivers/STM32L4xx_HAL_Driver/Src/stm32l4xx_hal_i2c_ex.o
                0x0000000008007cb0                HAL_I2CEx_ConfigAnalogFilter
 .text.HAL_I2CEx_ConfigDigitalFilter
                0x0000000008007d46       0x98 ./Drivers/STM32L4xx_HAL_Driver/Src/stm32l4xx_hal_i2c_ex.o
                0x0000000008007d46                HAL_I2CEx_ConfigDigitalFilter
 .text.HAL_IWDG_Init
                0x0000000008007dde       0x8c ./Drivers/STM32L4xx_HAL_Driver/Src/stm32l4xx_hal_iwdg.o
                0x0000000008007dde                HAL_IWDG_Init
 .text.HAL_IWDG_Refresh
                0x0000000008007e6a       0x20 ./Drivers/STM32L4xx_HAL_Driver/Src/stm32l4xx_hal_iwdg.o
                0x0000000008007e6a                HAL_IWDG_Refresh
 *fill*         0x0000000008007e8a        0x2 
 .text.HAL_PWR_EnableBkUpAccess
                0x0000000008007e8c       0x20 ./Drivers/STM32L4xx_HAL_Driver/Src/stm32l4xx_hal_pwr.o
                0x0000000008007e8c                HAL_PWR_EnableBkUpAccess
 .text.HAL_PWREx_GetVoltageRange
                0x0000000008007eac       0x1c ./Drivers/STM32L4xx_HAL_Driver/Src/stm32l4xx_hal_pwr_ex.o
                0x0000000008007eac                HAL_PWREx_GetVoltageRange
 .text.HAL_PWREx_ControlVoltageScaling
                0x0000000008007ec8       0xac ./Drivers/STM32L4xx_HAL_Driver/Src/stm32l4xx_hal_pwr_ex.o
                0x0000000008007ec8                HAL_PWREx_ControlVoltageScaling
 .text.HAL_RCC_OscConfig
                0x0000000008007f74      0x8cc ./Drivers/STM32L4xx_HAL_Driver/Src/stm32l4xx_hal_rcc.o
                0x0000000008007f74                HAL_RCC_OscConfig
 .text.HAL_RCC_ClockConfig
                0x0000000008008840      0x1c4 ./Drivers/STM32L4xx_HAL_Driver/Src/stm32l4xx_hal_rcc.o
                0x0000000008008840                HAL_RCC_ClockConfig
 .text.HAL_RCC_GetSysClockFreq
                0x0000000008008a04      0x118 ./Drivers/STM32L4xx_HAL_Driver/Src/stm32l4xx_hal_rcc.o
                0x0000000008008a04                HAL_RCC_GetSysClockFreq
 .text.HAL_RCC_GetHCLKFreq
                0x0000000008008b1c       0x18 ./Drivers/STM32L4xx_HAL_Driver/Src/stm32l4xx_hal_rcc.o
                0x0000000008008b1c                HAL_RCC_GetHCLKFreq
 .text.HAL_RCC_GetPCLK1Freq
                0x0000000008008b34       0x2c ./Drivers/STM32L4xx_HAL_Driver/Src/stm32l4xx_hal_rcc.o
                0x0000000008008b34                HAL_RCC_GetPCLK1Freq
 .text.HAL_RCC_GetPCLK2Freq
                0x0000000008008b60       0x2c ./Drivers/STM32L4xx_HAL_Driver/Src/stm32l4xx_hal_rcc.o
                0x0000000008008b60                HAL_RCC_GetPCLK2Freq
 .text.HAL_RCC_GetClockConfig
                0x0000000008008b8c       0x64 ./Drivers/STM32L4xx_HAL_Driver/Src/stm32l4xx_hal_rcc.o
                0x0000000008008b8c                HAL_RCC_GetClockConfig
 .text.RCC_SetFlashLatencyFromMSIRange
                0x0000000008008bf0       0xc0 ./Drivers/STM32L4xx_HAL_Driver/Src/stm32l4xx_hal_rcc.o
 .text.HAL_RCCEx_PeriphCLKConfig
                0x0000000008008cb0      0x30c ./Drivers/STM32L4xx_HAL_Driver/Src/stm32l4xx_hal_rcc_ex.o
                0x0000000008008cb0                HAL_RCCEx_PeriphCLKConfig
 .text.HAL_RCCEx_EnableMSIPLLMode
                0x0000000008008fbc       0x20 ./Drivers/STM32L4xx_HAL_Driver/Src/stm32l4xx_hal_rcc_ex.o
                0x0000000008008fbc                HAL_RCCEx_EnableMSIPLLMode
 .text.HAL_SPI_Init
                0x0000000008008fdc      0x146 ./Drivers/STM32L4xx_HAL_Driver/Src/stm32l4xx_hal_spi.o
                0x0000000008008fdc                HAL_SPI_Init
 .text.HAL_SPI_TransmitReceive
                0x0000000008009122      0x426 ./Drivers/STM32L4xx_HAL_Driver/Src/stm32l4xx_hal_spi.o
                0x0000000008009122                HAL_SPI_TransmitReceive
 .text.SPI_WaitFlagStateUntilTimeout
                0x0000000008009548      0x110 ./Drivers/STM32L4xx_HAL_Driver/Src/stm32l4xx_hal_spi.o
 .text.SPI_WaitFifoStateUntilTimeout
                0x0000000008009658      0x124 ./Drivers/STM32L4xx_HAL_Driver/Src/stm32l4xx_hal_spi.o
 .text.SPI_EndRxTxTransaction
                0x000000000800977c       0x8c ./Drivers/STM32L4xx_HAL_Driver/Src/stm32l4xx_hal_spi.o
 .text.HAL_TIM_Base_Init
                0x0000000008009808       0xae ./Drivers/STM32L4xx_HAL_Driver/Src/stm32l4xx_hal_tim.o
                0x0000000008009808                HAL_TIM_Base_Init
 .text.HAL_TIM_Base_MspInit
                0x00000000080098b6       0x14 ./Drivers/STM32L4xx_HAL_Driver/Src/stm32l4xx_hal_tim.o
                0x00000000080098b6                HAL_TIM_Base_MspInit
 *fill*         0x00000000080098ca        0x2 
 .text.HAL_TIM_Base_Start_IT
                0x00000000080098cc       0xa8 ./Drivers/STM32L4xx_HAL_Driver/Src/stm32l4xx_hal_tim.o
                0x00000000080098cc                HAL_TIM_Base_Start_IT
 .text.HAL_TIM_OC_Init
                0x0000000008009974       0xae ./Drivers/STM32L4xx_HAL_Driver/Src/stm32l4xx_hal_tim.o
                0x0000000008009974                HAL_TIM_OC_Init
 *fill*         0x0000000008009a22        0x2 
 .text.HAL_TIM_OC_Start_IT
                0x0000000008009a24      0x248 ./Drivers/STM32L4xx_HAL_Driver/Src/stm32l4xx_hal_tim.o
                0x0000000008009a24                HAL_TIM_OC_Start_IT
 .text.HAL_TIM_OC_Stop_IT
                0x0000000008009c6c      0x19c ./Drivers/STM32L4xx_HAL_Driver/Src/stm32l4xx_hal_tim.o
                0x0000000008009c6c                HAL_TIM_OC_Stop_IT
 .text.HAL_TIM_IRQHandler
                0x0000000008009e08      0x23e ./Drivers/STM32L4xx_HAL_Driver/Src/stm32l4xx_hal_tim.o
                0x0000000008009e08                HAL_TIM_IRQHandler
 *fill*         0x000000000800a046        0x2 
 .text.HAL_TIM_OC_ConfigChannel
                0x000000000800a048       0xec ./Drivers/STM32L4xx_HAL_Driver/Src/stm32l4xx_hal_tim.o
                0x000000000800a048                HAL_TIM_OC_ConfigChannel
 .text.HAL_TIM_IC_CaptureCallback
                0x000000000800a134       0x14 ./Drivers/STM32L4xx_HAL_Driver/Src/stm32l4xx_hal_tim.o
                0x000000000800a134                HAL_TIM_IC_CaptureCallback
 .text.HAL_TIM_PWM_PulseFinishedCallback
                0x000000000800a148       0x14 ./Drivers/STM32L4xx_HAL_Driver/Src/stm32l4xx_hal_tim.o
                0x000000000800a148                HAL_TIM_PWM_PulseFinishedCallback
 .text.HAL_TIM_TriggerCallback
                0x000000000800a15c       0x14 ./Drivers/STM32L4xx_HAL_Driver/Src/stm32l4xx_hal_tim.o
                0x000000000800a15c                HAL_TIM_TriggerCallback
 .text.TIM_Base_SetConfig
                0x000000000800a170       0xc8 ./Drivers/STM32L4xx_HAL_Driver/Src/stm32l4xx_hal_tim.o
                0x000000000800a170                TIM_Base_SetConfig
 .text.TIM_OC1_SetConfig
                0x000000000800a238       0xf8 ./Drivers/STM32L4xx_HAL_Driver/Src/stm32l4xx_hal_tim.o
 .text.TIM_OC2_SetConfig
                0x000000000800a330       0xf4 ./Drivers/STM32L4xx_HAL_Driver/Src/stm32l4xx_hal_tim.o
                0x000000000800a330                TIM_OC2_SetConfig
 .text.TIM_OC3_SetConfig
                0x000000000800a424       0xf0 ./Drivers/STM32L4xx_HAL_Driver/Src/stm32l4xx_hal_tim.o
 .text.TIM_OC4_SetConfig
                0x000000000800a514       0xbc ./Drivers/STM32L4xx_HAL_Driver/Src/stm32l4xx_hal_tim.o
 .text.TIM_OC5_SetConfig
                0x000000000800a5d0       0xb0 ./Drivers/STM32L4xx_HAL_Driver/Src/stm32l4xx_hal_tim.o
 .text.TIM_OC6_SetConfig
                0x000000000800a680       0xb4 ./Drivers/STM32L4xx_HAL_Driver/Src/stm32l4xx_hal_tim.o
 .text.TIM_CCxChannelCmd
                0x000000000800a734       0x4a ./Drivers/STM32L4xx_HAL_Driver/Src/stm32l4xx_hal_tim.o
                0x000000000800a734                TIM_CCxChannelCmd
 *fill*         0x000000000800a77e        0x2 
 .text.HAL_TIMEx_MasterConfigSynchronization
                0x000000000800a780       0xcc ./Drivers/STM32L4xx_HAL_Driver/Src/stm32l4xx_hal_tim_ex.o
                0x000000000800a780                HAL_TIMEx_MasterConfigSynchronization
 .text.HAL_TIMEx_CommutCallback
                0x000000000800a84c       0x14 ./Drivers/STM32L4xx_HAL_Driver/Src/stm32l4xx_hal_tim_ex.o
                0x000000000800a84c                HAL_TIMEx_CommutCallback
 .text.HAL_TIMEx_BreakCallback
                0x000000000800a860       0x14 ./Drivers/STM32L4xx_HAL_Driver/Src/stm32l4xx_hal_tim_ex.o
                0x000000000800a860                HAL_TIMEx_BreakCallback
 .text.HAL_TIMEx_Break2Callback
                0x000000000800a874       0x14 ./Drivers/STM32L4xx_HAL_Driver/Src/stm32l4xx_hal_tim_ex.o
                0x000000000800a874                HAL_TIMEx_Break2Callback
 .text.HAL_UART_Init
                0x000000000800a888       0x9c ./Drivers/STM32L4xx_HAL_Driver/Src/stm32l4xx_hal_uart.o
                0x000000000800a888                HAL_UART_Init
 .text.HAL_UART_Transmit
                0x000000000800a924      0x128 ./Drivers/STM32L4xx_HAL_Driver/Src/stm32l4xx_hal_uart.o
                0x000000000800a924                HAL_UART_Transmit
 .text.HAL_UART_Receive
                0x000000000800aa4c      0x1a2 ./Drivers/STM32L4xx_HAL_Driver/Src/stm32l4xx_hal_uart.o
                0x000000000800aa4c                HAL_UART_Receive
 *fill*         0x000000000800abee        0x2 
 .text.UART_SetConfig
                0x000000000800abf0      0x468 ./Drivers/STM32L4xx_HAL_Driver/Src/stm32l4xx_hal_uart.o
                0x000000000800abf0                UART_SetConfig
 .text.UART_AdvFeatureConfig
                0x000000000800b058      0x144 ./Drivers/STM32L4xx_HAL_Driver/Src/stm32l4xx_hal_uart.o
                0x000000000800b058                UART_AdvFeatureConfig
 .text.UART_CheckIdleState
                0x000000000800b19c       0x92 ./Drivers/STM32L4xx_HAL_Driver/Src/stm32l4xx_hal_uart.o
                0x000000000800b19c                UART_CheckIdleState
 .text.UART_WaitOnFlagUntilTimeout
                0x000000000800b22e       0xf8 ./Drivers/STM32L4xx_HAL_Driver/Src/stm32l4xx_hal_uart.o
                0x000000000800b22e                UART_WaitOnFlagUntilTimeout
 .text.makeFreeRtosPriority
                0x000000000800b326       0x30 ./Middlewares/Third_Party/FreeRTOS/Source/CMSIS_RTOS/cmsis_os.o
 .text.osKernelStart
                0x000000000800b356        0xe ./Middlewares/Third_Party/FreeRTOS/Source/CMSIS_RTOS/cmsis_os.o
                0x000000000800b356                osKernelStart
 .text.osThreadCreate
                0x000000000800b364       0x98 ./Middlewares/Third_Party/FreeRTOS/Source/CMSIS_RTOS/cmsis_os.o
                0x000000000800b364                osThreadCreate
 .text.osDelay  0x000000000800b3fc       0x28 ./Middlewares/Third_Party/FreeRTOS/Source/CMSIS_RTOS/cmsis_os.o
                0x000000000800b3fc                osDelay
 .text.vListInitialise
                0x000000000800b424       0x40 ./Middlewares/Third_Party/FreeRTOS/Source/list.o
                0x000000000800b424                vListInitialise
 .text.vListInitialiseItem
                0x000000000800b464       0x1a ./Middlewares/Third_Party/FreeRTOS/Source/list.o
                0x000000000800b464                vListInitialiseItem
 .text.vListInsertEnd
                0x000000000800b47e       0x48 ./Middlewares/Third_Party/FreeRTOS/Source/list.o
                0x000000000800b47e                vListInsertEnd
 .text.vListInsert
                0x000000000800b4c6       0x72 ./Middlewares/Third_Party/FreeRTOS/Source/list.o
                0x000000000800b4c6                vListInsert
 .text.uxListRemove
                0x000000000800b538       0x54 ./Middlewares/Third_Party/FreeRTOS/Source/list.o
                0x000000000800b538                uxListRemove
 .text.xTaskCreateStatic
                0x000000000800b58c       0xba ./Middlewares/Third_Party/FreeRTOS/Source/tasks.o
                0x000000000800b58c                xTaskCreateStatic
 .text.xTaskCreate
                0x000000000800b646       0x8a ./Middlewares/Third_Party/FreeRTOS/Source/tasks.o
                0x000000000800b646                xTaskCreate
 .text.prvInitialiseNewTask
                0x000000000800b6d0      0x10e ./Middlewares/Third_Party/FreeRTOS/Source/tasks.o
 *fill*         0x000000000800b7de        0x2 
 .text.prvAddNewTaskToReadyList
                0x000000000800b7e0       0xd4 ./Middlewares/Third_Party/FreeRTOS/Source/tasks.o
 .text.vTaskDelay
                0x000000000800b8b4       0x68 ./Middlewares/Third_Party/FreeRTOS/Source/tasks.o
                0x000000000800b8b4                vTaskDelay
 .text.vTaskStartScheduler
                0x000000000800b91c       0xc0 ./Middlewares/Third_Party/FreeRTOS/Source/tasks.o
                0x000000000800b91c                vTaskStartScheduler
 .text.vTaskSuspendAll
                0x000000000800b9dc       0x1c ./Middlewares/Third_Party/FreeRTOS/Source/tasks.o
                0x000000000800b9dc                vTaskSuspendAll
 .text.xTaskResumeAll
                0x000000000800b9f8      0x138 ./Middlewares/Third_Party/FreeRTOS/Source/tasks.o
                0x000000000800b9f8                xTaskResumeAll
 .text.xTaskGetTickCount
                0x000000000800bb30       0x20 ./Middlewares/Third_Party/FreeRTOS/Source/tasks.o
                0x000000000800bb30                xTaskGetTickCount
 .text.xTaskIncrementTick
                0x000000000800bb50      0x170 ./Middlewares/Third_Party/FreeRTOS/Source/tasks.o
                0x000000000800bb50                xTaskIncrementTick
 .text.vTaskSwitchContext
                0x000000000800bcc0       0xb8 ./Middlewares/Third_Party/FreeRTOS/Source/tasks.o
                0x000000000800bcc0                vTaskSwitchContext
 .text.prvIdleTask
                0x000000000800bd78       0x30 ./Middlewares/Third_Party/FreeRTOS/Source/tasks.o
 .text.prvInitialiseTaskLists
                0x000000000800bda8       0x80 ./Middlewares/Third_Party/FreeRTOS/Source/tasks.o
 .text.prvCheckTasksWaitingTermination
                0x000000000800be28       0x5c ./Middlewares/Third_Party/FreeRTOS/Source/tasks.o
 .text.prvDeleteTCB
                0x000000000800be84       0x5e ./Middlewares/Third_Party/FreeRTOS/Source/tasks.o
 *fill*         0x000000000800bee2        0x2 
 .text.prvResetNextTaskUnblockTime
                0x000000000800bee4       0x40 ./Middlewares/Third_Party/FreeRTOS/Source/tasks.o
 .text.prvAddCurrentTaskToDelayedList
                0x000000000800bf24       0xcc ./Middlewares/Third_Party/FreeRTOS/Source/tasks.o
 .text.pxPortInitialiseStack
                0x000000000800bff0       0x68 ./Middlewares/Third_Party/FreeRTOS/Source/portable/GCC/ARM_CM4F/port.o
                0x000000000800bff0                pxPortInitialiseStack
 .text.prvTaskExitError
                0x000000000800c058       0x58 ./Middlewares/Third_Party/FreeRTOS/Source/portable/GCC/ARM_CM4F/port.o
 .text.SVC_Handler
                0x000000000800c0b0       0x28 ./Middlewares/Third_Party/FreeRTOS/Source/portable/GCC/ARM_CM4F/port.o
                0x000000000800c0b0                SVC_Handler
 .text.prvPortStartFirstTask
                0x000000000800c0d8       0x28 ./Middlewares/Third_Party/FreeRTOS/Source/portable/GCC/ARM_CM4F/port.o
 .text.xPortStartScheduler
                0x000000000800c100      0x144 ./Middlewares/Third_Party/FreeRTOS/Source/portable/GCC/ARM_CM4F/port.o
                0x000000000800c100                xPortStartScheduler
 .text.vPortEnterCritical
                0x000000000800c244       0x60 ./Middlewares/Third_Party/FreeRTOS/Source/portable/GCC/ARM_CM4F/port.o
                0x000000000800c244                vPortEnterCritical
 .text.vPortExitCritical
                0x000000000800c2a4       0x54 ./Middlewares/Third_Party/FreeRTOS/Source/portable/GCC/ARM_CM4F/port.o
                0x000000000800c2a4                vPortExitCritical
 *fill*         0x000000000800c2f8        0x8 
 .text.PendSV_Handler
                0x000000000800c300       0x68 ./Middlewares/Third_Party/FreeRTOS/Source/portable/GCC/ARM_CM4F/port.o
                0x000000000800c300                PendSV_Handler
 .text.SysTick_Handler
                0x000000000800c368       0x44 ./Middlewares/Third_Party/FreeRTOS/Source/portable/GCC/ARM_CM4F/port.o
                0x000000000800c368                SysTick_Handler
 .text.vPortSetupTimerInterrupt
                0x000000000800c3ac       0x48 ./Middlewares/Third_Party/FreeRTOS/Source/portable/GCC/ARM_CM4F/port.o
                0x000000000800c3ac                vPortSetupTimerInterrupt
 .text.vPortEnableVFP
                0x000000000800c3f4       0x14 ./Middlewares/Third_Party/FreeRTOS/Source/portable/GCC/ARM_CM4F/port.o
 .text.pvPortMalloc
                0x000000000800c408      0x198 ./Middlewares/Third_Party/FreeRTOS/Source/portable/MemMang/heap_4.o
                0x000000000800c408                pvPortMalloc
 .text.vPortFree
                0x000000000800c5a0       0xc4 ./Middlewares/Third_Party/FreeRTOS/Source/portable/MemMang/heap_4.o
                0x000000000800c5a0                vPortFree
 .text.prvHeapInit
                0x000000000800c664       0xc4 ./Middlewares/Third_Party/FreeRTOS/Source/portable/MemMang/heap_4.o
 .text.prvInsertBlockIntoFreeList
                0x000000000800c728       0xb4 ./Middlewares/Third_Party/FreeRTOS/Source/portable/MemMang/heap_4.o
 .text.__errno  0x000000000800c7dc        0xc c:/st/stm32cubeide_1.4.0/stm32cubeide/plugins/com.st.stm32cube.ide.mcu.externaltools.gnu-tools-for-stm32.9-2020-q2-update.win32_2.0.0.202105311346/tools/bin/../lib/gcc/arm-none-eabi/9.3.1/../../../../arm-none-eabi/lib/thumb/v7e-m+fp/hard\libc_nano.a(lib_a-errno.o)
                0x000000000800c7dc                __errno
 .text.__libc_init_array
                0x000000000800c7e8       0x48 c:/st/stm32cubeide_1.4.0/stm32cubeide/plugins/com.st.stm32cube.ide.mcu.externaltools.gnu-tools-for-stm32.9-2020-q2-update.win32_2.0.0.202105311346/tools/bin/../lib/gcc/arm-none-eabi/9.3.1/../../../../arm-none-eabi/lib/thumb/v7e-m+fp/hard\libc_nano.a(lib_a-init.o)
                0x000000000800c7e8                __libc_init_array
 .text.memcpy   0x000000000800c830       0x1c c:/st/stm32cubeide_1.4.0/stm32cubeide/plugins/com.st.stm32cube.ide.mcu.externaltools.gnu-tools-for-stm32.9-2020-q2-update.win32_2.0.0.202105311346/tools/bin/../lib/gcc/arm-none-eabi/9.3.1/../../../../arm-none-eabi/lib/thumb/v7e-m+fp/hard\libc_nano.a(lib_a-memcpy-stub.o)
                0x000000000800c830                memcpy
 .text.memset   0x000000000800c84c       0x10 c:/st/stm32cubeide_1.4.0/stm32cubeide/plugins/com.st.stm32cube.ide.mcu.externaltools.gnu-tools-for-stm32.9-2020-q2-update.win32_2.0.0.202105311346/tools/bin/../lib/gcc/arm-none-eabi/9.3.1/../../../../arm-none-eabi/lib/thumb/v7e-m+fp/hard\libc_nano.a(lib_a-memset.o)
                0x000000000800c84c                memset
 .text.snprintf
                0x000000000800c85c       0x68 c:/st/stm32cubeide_1.4.0/stm32cubeide/plugins/com.st.stm32cube.ide.mcu.externaltools.gnu-tools-for-stm32.9-2020-q2-update.win32_2.0.0.202105311346/tools/bin/../lib/gcc/arm-none-eabi/9.3.1/../../../../arm-none-eabi/lib/thumb/v7e-m+fp/hard\libc_nano.a(lib_a-snprintf.o)
                0x000000000800c85c                sniprintf
                0x000000000800c85c                snprintf
 .text.strchr   0x000000000800c8c4       0x1a c:/st/stm32cubeide_1.4.0/stm32cubeide/plugins/com.st.stm32cube.ide.mcu.externaltools.gnu-tools-for-stm32.9-2020-q2-update.win32_2.0.0.202105311346/tools/bin/../lib/gcc/arm-none-eabi/9.3.1/../../../../arm-none-eabi/lib/thumb/v7e-m+fp/hard\libc_nano.a(lib_a-strchr.o)
                0x000000000800c8c4                strchr
 .text.strcpy   0x000000000800c8de       0x10 c:/st/stm32cubeide_1.4.0/stm32cubeide/plugins/com.st.stm32cube.ide.mcu.externaltools.gnu-tools-for-stm32.9-2020-q2-update.win32_2.0.0.202105311346/tools/bin/../lib/gcc/arm-none-eabi/9.3.1/../../../../arm-none-eabi/lib/thumb/v7e-m+fp/hard\libc_nano.a(lib_a-strcpy.o)
                0x000000000800c8de                strcpy
 .text.__ssputs_r
                0x000000000800c8ee       0xb6 c:/st/stm32cubeide_1.4.0/stm32cubeide/plugins/com.st.stm32cube.ide.mcu.externaltools.gnu-tools-for-stm32.9-2020-q2-update.win32_2.0.0.202105311346/tools/bin/../lib/gcc/arm-none-eabi/9.3.1/../../../../arm-none-eabi/lib/thumb/v7e-m+fp/hard\libc_nano.a(lib_a-nano-svfprintf.o)
                0x000000000800c8ee                __ssputs_r
 .text._svfprintf_r
                0x000000000800c9a4      0x200 c:/st/stm32cubeide_1.4.0/stm32cubeide/plugins/com.st.stm32cube.ide.mcu.externaltools.gnu-tools-for-stm32.9-2020-q2-update.win32_2.0.0.202105311346/tools/bin/../lib/gcc/arm-none-eabi/9.3.1/../../../../arm-none-eabi/lib/thumb/v7e-m+fp/hard\libc_nano.a(lib_a-nano-svfprintf.o)
                0x000000000800c9a4                _svfiprintf_r
                0x000000000800c9a4                _svfprintf_r
 .text._printf_common
                0x000000000800cba4       0xda c:/st/stm32cubeide_1.4.0/stm32cubeide/plugins/com.st.stm32cube.ide.mcu.externaltools.gnu-tools-for-stm32.9-2020-q2-update.win32_2.0.0.202105311346/tools/bin/../lib/gcc/arm-none-eabi/9.3.1/../../../../arm-none-eabi/lib/thumb/v7e-m+fp/hard\libc_nano.a(lib_a-nano-vfprintf_i.o)
                0x000000000800cba4                _printf_common
 *fill*         0x000000000800cc7e        0x2 
 .text._printf_i
                0x000000000800cc80      0x24c c:/st/stm32cubeide_1.4.0/stm32cubeide/plugins/com.st.stm32cube.ide.mcu.externaltools.gnu-tools-for-stm32.9-2020-q2-update.win32_2.0.0.202105311346/tools/bin/../lib/gcc/arm-none-eabi/9.3.1/../../../../arm-none-eabi/lib/thumb/v7e-m+fp/hard\libc_nano.a(lib_a-nano-vfprintf_i.o)
                0x000000000800cc80                _printf_i
 .text.memmove  0x000000000800cecc       0x34 c:/st/stm32cubeide_1.4.0/stm32cubeide/plugins/com.st.stm32cube.ide.mcu.externaltools.gnu-tools-for-stm32.9-2020-q2-update.win32_2.0.0.202105311346/tools/bin/../lib/gcc/arm-none-eabi/9.3.1/../../../../arm-none-eabi/lib/thumb/v7e-m+fp/hard\libc_nano.a(lib_a-memmove.o)
                0x000000000800cecc                memmove
 .text._free_r  0x000000000800cf00       0xa0 c:/st/stm32cubeide_1.4.0/stm32cubeide/plugins/com.st.stm32cube.ide.mcu.externaltools.gnu-tools-for-stm32.9-2020-q2-update.win32_2.0.0.202105311346/tools/bin/../lib/gcc/arm-none-eabi/9.3.1/../../../../arm-none-eabi/lib/thumb/v7e-m+fp/hard\libc_nano.a(lib_a-nano-freer.o)
                0x000000000800cf00                _free_r
 .text._malloc_r
                0x000000000800cfa0       0xb4 c:/st/stm32cubeide_1.4.0/stm32cubeide/plugins/com.st.stm32cube.ide.mcu.externaltools.gnu-tools-for-stm32.9-2020-q2-update.win32_2.0.0.202105311346/tools/bin/../lib/gcc/arm-none-eabi/9.3.1/../../../../arm-none-eabi/lib/thumb/v7e-m+fp/hard\libc_nano.a(lib_a-nano-mallocr.o)
                0x000000000800cfa0                _malloc_r
 .text._realloc_r
                0x000000000800d054       0x4c c:/st/stm32cubeide_1.4.0/stm32cubeide/plugins/com.st.stm32cube.ide.mcu.externaltools.gnu-tools-for-stm32.9-2020-q2-update.win32_2.0.0.202105311346/tools/bin/../lib/gcc/arm-none-eabi/9.3.1/../../../../arm-none-eabi/lib/thumb/v7e-m+fp/hard\libc_nano.a(lib_a-nano-reallocr.o)
                0x000000000800d054                _realloc_r
 .text._sbrk_r  0x000000000800d0a0       0x20 c:/st/stm32cubeide_1.4.0/stm32cubeide/plugins/com.st.stm32cube.ide.mcu.externaltools.gnu-tools-for-stm32.9-2020-q2-update.win32_2.0.0.202105311346/tools/bin/../lib/gcc/arm-none-eabi/9.3.1/../../../../arm-none-eabi/lib/thumb/v7e-m+fp/hard\libc_nano.a(lib_a-sbrkr.o)
                0x000000000800d0a0                _sbrk_r
 .text.__malloc_lock
                0x000000000800d0c0        0xc c:/st/stm32cubeide_1.4.0/stm32cubeide/plugins/com.st.stm32cube.ide.mcu.externaltools.gnu-tools-for-stm32.9-2020-q2-update.win32_2.0.0.202105311346/tools/bin/../lib/gcc/arm-none-eabi/9.3.1/../../../../arm-none-eabi/lib/thumb/v7e-m+fp/hard\libc_nano.a(lib_a-mlock.o)
                0x000000000800d0c0                __malloc_lock
 .text.__malloc_unlock
                0x000000000800d0cc        0xc c:/st/stm32cubeide_1.4.0/stm32cubeide/plugins/com.st.stm32cube.ide.mcu.externaltools.gnu-tools-for-stm32.9-2020-q2-update.win32_2.0.0.202105311346/tools/bin/../lib/gcc/arm-none-eabi/9.3.1/../../../../arm-none-eabi/lib/thumb/v7e-m+fp/hard\libc_nano.a(lib_a-mlock.o)
                0x000000000800d0cc                __malloc_unlock
 .text._malloc_usable_size_r
                0x000000000800d0d8       0x10 c:/st/stm32cubeide_1.4.0/stm32cubeide/plugins/com.st.stm32cube.ide.mcu.externaltools.gnu-tools-for-stm32.9-2020-q2-update.win32_2.0.0.202105311346/tools/bin/../lib/gcc/arm-none-eabi/9.3.1/../../../../arm-none-eabi/lib/thumb/v7e-m+fp/hard\libc_nano.a(lib_a-nano-msizer.o)
                0x000000000800d0d8                _malloc_usable_size_r
 .text.__retarget_lock_acquire_recursive
                0x000000000800d0e8        0x2 c:/st/stm32cubeide_1.4.0/stm32cubeide/plugins/com.st.stm32cube.ide.mcu.externaltools.gnu-tools-for-stm32.9-2020-q2-update.win32_2.0.0.202105311346/tools/bin/../lib/gcc/arm-none-eabi/9.3.1/../../../../arm-none-eabi/lib/thumb/v7e-m+fp/hard\libc_nano.a(lib_a-lock.o)
                0x000000000800d0e8                __retarget_lock_acquire_recursive
 .text.__retarget_lock_release_recursive
                0x000000000800d0ea        0x2 c:/st/stm32cubeide_1.4.0/stm32cubeide/plugins/com.st.stm32cube.ide.mcu.externaltools.gnu-tools-for-stm32.9-2020-q2-update.win32_2.0.0.202105311346/tools/bin/../lib/gcc/arm-none-eabi/9.3.1/../../../../arm-none-eabi/lib/thumb/v7e-m+fp/hard\libc_nano.a(lib_a-lock.o)
                0x000000000800d0ea                __retarget_lock_release_recursive
 *(.glue_7)
 .glue_7        0x000000000800d0ec        0x0 linker stubs
 *(.glue_7t)
 .glue_7t       0x000000000800d0ec        0x0 linker stubs
 *(.eh_frame)
 .eh_frame      0x000000000800d0ec        0x0 c:/st/stm32cubeide_1.4.0/stm32cubeide/plugins/com.st.stm32cube.ide.mcu.externaltools.gnu-tools-for-stm32.9-2020-q2-update.win32_2.0.0.202105311346/tools/bin/../lib/gcc/arm-none-eabi/9.3.1/thumb/v7e-m+fp/hard/crtbegin.o
 *(.init)
 .init          0x000000000800d0ec        0x4 c:/st/stm32cubeide_1.4.0/stm32cubeide/plugins/com.st.stm32cube.ide.mcu.externaltools.gnu-tools-for-stm32.9-2020-q2-update.win32_2.0.0.202105311346/tools/bin/../lib/gcc/arm-none-eabi/9.3.1/thumb/v7e-m+fp/hard/crti.o
                0x000000000800d0ec                _init
 .init          0x000000000800d0f0        0x8 c:/st/stm32cubeide_1.4.0/stm32cubeide/plugins/com.st.stm32cube.ide.mcu.externaltools.gnu-tools-for-stm32.9-2020-q2-update.win32_2.0.0.202105311346/tools/bin/../lib/gcc/arm-none-eabi/9.3.1/thumb/v7e-m+fp/hard/crtn.o
 *(.fini)
 .fini          0x000000000800d0f8        0x4 c:/st/stm32cubeide_1.4.0/stm32cubeide/plugins/com.st.stm32cube.ide.mcu.externaltools.gnu-tools-for-stm32.9-2020-q2-update.win32_2.0.0.202105311346/tools/bin/../lib/gcc/arm-none-eabi/9.3.1/thumb/v7e-m+fp/hard/crti.o
                0x000000000800d0f8                _fini
 .fini          0x000000000800d0fc        0x8 c:/st/stm32cubeide_1.4.0/stm32cubeide/plugins/com.st.stm32cube.ide.mcu.externaltools.gnu-tools-for-stm32.9-2020-q2-update.win32_2.0.0.202105311346/tools/bin/../lib/gcc/arm-none-eabi/9.3.1/thumb/v7e-m+fp/hard/crtn.o
                0x000000000800d104                . = ALIGN (0x4)
                0x000000000800d104                _etext = .

.vfp11_veneer   0x000000000800d104        0x0
 .vfp11_veneer  0x000000000800d104        0x0 linker stubs

.v4_bx          0x000000000800d104        0x0
 .v4_bx         0x000000000800d104        0x0 linker stubs

.iplt           0x000000000800d104        0x0
 .iplt          0x000000000800d104        0x0 c:/st/stm32cubeide_1.4.0/stm32cubeide/plugins/com.st.stm32cube.ide.mcu.externaltools.gnu-tools-for-stm32.9-2020-q2-update.win32_2.0.0.202105311346/tools/bin/../lib/gcc/arm-none-eabi/9.3.1/thumb/v7e-m+fp/hard/crtbegin.o

.rodata         0x000000000800d104      0x424
                0x000000000800d104                . = ALIGN (0x4)
 *(.rodata)
 .rodata        0x000000000800d104       0x62 ./Application/AppMain.o
 *fill*         0x000000000800d166        0x2 
 .rodata        0x000000000800d168       0x28 ./Core/Src/freertos.o
 .rodata        0x000000000800d190        0x5 ./Middlewares/Third_Party/FreeRTOS/Source/tasks.o
 *(.rodata*)
 *fill*         0x000000000800d195        0x3 
 .rodata.manPattern
                0x000000000800d198       0x54 ./Application/AppMain.o
                0x000000000800d198                manPattern
 .rodata.gDNPObjSize
                0x000000000800d1ec       0x28 ./Application/DNPBase.o
                0x000000000800d1ec                gDNPObjSize
 .rodata.cDBDefAnalog
                0x000000000800d214       0x68 ./Application/Database.o
                0x000000000800d214                cDBDefAnalog
 .rodata.cDBDefDigital
                0x000000000800d27c       0x64 ./Application/Database.o
                0x000000000800d27c                cDBDefDigital
 .rodata.cDefSettings
                0x000000000800d2e0       0x54 ./Application/Database.o
                0x000000000800d2e0                cDefSettings
 .rodata.cDefProps
                0x000000000800d334       0x70 ./Application/Database.o
                0x000000000800d334                cDefProps
 .rodata.gSysModeTransitions
                0x000000000800d3a4        0x6 ./Application/SystemModes.o
                0x000000000800d3a4                gSysModeTransitions
 *fill*         0x000000000800d3aa        0x2 
 .rodata.AHBPrescTable
                0x000000000800d3ac       0x10 ./Core/Src/system_stm32l4xx.o
                0x000000000800d3ac                AHBPrescTable
 .rodata.APBPrescTable
                0x000000000800d3bc        0x8 ./Core/Src/system_stm32l4xx.o
                0x000000000800d3bc                APBPrescTable
 .rodata.MSIRangeTable
                0x000000000800d3c4       0x30 ./Core/Src/system_stm32l4xx.o
                0x000000000800d3c4                MSIRangeTable
 .rodata._ctype_
                0x000000000800d3f4      0x101 c:/st/stm32cubeide_1.4.0/stm32cubeide/plugins/com.st.stm32cube.ide.mcu.externaltools.gnu-tools-for-stm32.9-2020-q2-update.win32_2.0.0.202105311346/tools/bin/../lib/gcc/arm-none-eabi/9.3.1/../../../../arm-none-eabi/lib/thumb/v7e-m+fp/hard\libc_nano.a(lib_a-ctype_.o)
                0x000000000800d3f4                _ctype_
 .rodata._svfprintf_r.str1.1
                0x000000000800d4f5       0x11 c:/st/stm32cubeide_1.4.0/stm32cubeide/plugins/com.st.stm32cube.ide.mcu.externaltools.gnu-tools-for-stm32.9-2020-q2-update.win32_2.0.0.202105311346/tools/bin/../lib/gcc/arm-none-eabi/9.3.1/../../../../arm-none-eabi/lib/thumb/v7e-m+fp/hard\libc_nano.a(lib_a-nano-svfprintf.o)
 .rodata._printf_i.str1.1
                0x000000000800d506       0x22 c:/st/stm32cubeide_1.4.0/stm32cubeide/plugins/com.st.stm32cube.ide.mcu.externaltools.gnu-tools-for-stm32.9-2020-q2-update.win32_2.0.0.202105311346/tools/bin/../lib/gcc/arm-none-eabi/9.3.1/../../../../arm-none-eabi/lib/thumb/v7e-m+fp/hard\libc_nano.a(lib_a-nano-vfprintf_i.o)
                0x000000000800d528                . = ALIGN (0x4)

.ARM.extab      0x000000000800d528        0x0
                0x000000000800d528                . = ALIGN (0x4)
 *(.ARM.extab* .gnu.linkonce.armextab.*)
                0x000000000800d528                . = ALIGN (0x4)

.ARM            0x000000000800d528        0x8
                0x000000000800d528                . = ALIGN (0x4)
                0x000000000800d528                __exidx_start = .
 *(.ARM.exidx*)
 .ARM.exidx     0x000000000800d528        0x8 c:/st/stm32cubeide_1.4.0/stm32cubeide/plugins/com.st.stm32cube.ide.mcu.externaltools.gnu-tools-for-stm32.9-2020-q2-update.win32_2.0.0.202105311346/tools/bin/../lib/gcc/arm-none-eabi/9.3.1/thumb/v7e-m+fp/hard\libgcc.a(_udivmoddi4.o)
                0x000000000800d530                __exidx_end = .
                0x000000000800d530                . = ALIGN (0x4)

.rel.dyn        0x000000000800d530        0x0
 .rel.iplt      0x000000000800d530        0x0 c:/st/stm32cubeide_1.4.0/stm32cubeide/plugins/com.st.stm32cube.ide.mcu.externaltools.gnu-tools-for-stm32.9-2020-q2-update.win32_2.0.0.202105311346/tools/bin/../lib/gcc/arm-none-eabi/9.3.1/thumb/v7e-m+fp/hard/crtbegin.o

.preinit_array  0x000000000800d530        0x0
                0x000000000800d530                . = ALIGN (0x4)
                0x000000000800d530                PROVIDE (__preinit_array_start = .)
 *(.preinit_array*)
                0x000000000800d530                PROVIDE (__preinit_array_end = .)
                0x000000000800d530                . = ALIGN (0x4)

.init_array     0x000000000800d530        0x4
                0x000000000800d530                . = ALIGN (0x4)
                0x000000000800d530                PROVIDE (__init_array_start = .)
 *(SORT_BY_NAME(.init_array.*))
 *(.init_array*)
 .init_array    0x000000000800d530        0x4 c:/st/stm32cubeide_1.4.0/stm32cubeide/plugins/com.st.stm32cube.ide.mcu.externaltools.gnu-tools-for-stm32.9-2020-q2-update.win32_2.0.0.202105311346/tools/bin/../lib/gcc/arm-none-eabi/9.3.1/thumb/v7e-m+fp/hard/crtbegin.o
                0x000000000800d534                PROVIDE (__init_array_end = .)
                0x000000000800d534                . = ALIGN (0x4)

.fini_array     0x000000000800d534        0x4
                0x000000000800d534                . = ALIGN (0x4)
                [!provide]                        PROVIDE (__fini_array_start = .)
 *(SORT_BY_NAME(.fini_array.*))
 *(.fini_array*)
 .fini_array    0x000000000800d534        0x4 c:/st/stm32cubeide_1.4.0/stm32cubeide/plugins/com.st.stm32cube.ide.mcu.externaltools.gnu-tools-for-stm32.9-2020-q2-update.win32_2.0.0.202105311346/tools/bin/../lib/gcc/arm-none-eabi/9.3.1/thumb/v7e-m+fp/hard/crtbegin.o
                [!provide]                        PROVIDE (__fini_array_end = .)
                0x000000000800d538                . = ALIGN (0x4)
                0x000000000800d538                _sidata = LOADADDR (.data)

.data           0x0000000020000000      0x3e4 load address 0x000000000800d538
                0x0000000020000000                . = ALIGN (0x4)
                0x0000000020000000                _sdata = .
 *(.data)
 *(.data*)
 .data.gGPIOPortA
                0x0000000020000000       0xc8 ./Application/Drivers/GPIO_NucleoL412KB.o
                0x0000000020000000                gGPIOPortA
 .data.gGPIOPortB
                0x00000000200000c8       0xc8 ./Application/Drivers/GPIO_NucleoL412KB.o
                0x00000000200000c8                gGPIOPortB
 .data.gGPIOPortC
                0x0000000020000190       0xc8 ./Application/Drivers/GPIO_NucleoL412KB.o
                0x0000000020000190                gGPIOPortC
 .data.gGPIOPortH
                0x0000000020000258       0xc8 ./Application/Drivers/GPIO_NucleoL412KB.o
                0x0000000020000258                gGPIOPortH
 .data.gTimer2Ch1
                0x0000000020000320       0x10 ./Application/Drivers/GPIO_NucleoL412KB.o
                0x0000000020000320                gTimer2Ch1
 .data.gSTI2C1  0x0000000020000330       0x1c ./Application/Drivers/I2C_NucleoL412KB.o
                0x0000000020000330                gSTI2C1
 .data.gSTI2C3  0x000000002000034c       0x1c ./Application/Drivers/I2C_NucleoL412KB.o
                0x000000002000034c                gSTI2C3
 .data.gSTUart1
                0x0000000020000368        0x4 ./Application/Drivers/UART_NucleoL412KB.o
                0x0000000020000368                gSTUart1
 .data.gSTUart2
                0x000000002000036c        0x4 ./Application/Drivers/UART_NucleoL412KB.o
                0x000000002000036c                gSTUart2
 .data.SystemCoreClock
                0x0000000020000370        0x4 ./Core/Src/system_stm32l4xx.o
                0x0000000020000370                SystemCoreClock
 .data.uwTickPrio
                0x0000000020000374        0x4 ./Drivers/STM32L4xx_HAL_Driver/Src/stm32l4xx_hal.o
                0x0000000020000374                uwTickPrio
 .data.uwTickFreq
                0x0000000020000378        0x1 ./Drivers/STM32L4xx_HAL_Driver/Src/stm32l4xx_hal.o
                0x0000000020000378                uwTickFreq
 *fill*         0x0000000020000379        0x3 
 .data.uxCriticalNesting
                0x000000002000037c        0x4 ./Middlewares/Third_Party/FreeRTOS/Source/portable/GCC/ARM_CM4F/port.o
 .data._impure_ptr
                0x0000000020000380        0x4 c:/st/stm32cubeide_1.4.0/stm32cubeide/plugins/com.st.stm32cube.ide.mcu.externaltools.gnu-tools-for-stm32.9-2020-q2-update.win32_2.0.0.202105311346/tools/bin/../lib/gcc/arm-none-eabi/9.3.1/../../../../arm-none-eabi/lib/thumb/v7e-m+fp/hard\libc_nano.a(lib_a-impure.o)
                0x0000000020000380                _impure_ptr
 .data.impure_data
                0x0000000020000384       0x60 c:/st/stm32cubeide_1.4.0/stm32cubeide/plugins/com.st.stm32cube.ide.mcu.externaltools.gnu-tools-for-stm32.9-2020-q2-update.win32_2.0.0.202105311346/tools/bin/../lib/gcc/arm-none-eabi/9.3.1/../../../../arm-none-eabi/lib/thumb/v7e-m+fp/hard\libc_nano.a(lib_a-impure.o)
                0x00000000200003e4                . = ALIGN (0x4)
                0x00000000200003e4                _edata = .

.igot.plt       0x00000000200003e4        0x0 load address 0x000000000800d91c
 .igot.plt      0x00000000200003e4        0x0 c:/st/stm32cubeide_1.4.0/stm32cubeide/plugins/com.st.stm32cube.ide.mcu.externaltools.gnu-tools-for-stm32.9-2020-q2-update.win32_2.0.0.202105311346/tools/bin/../lib/gcc/arm-none-eabi/9.3.1/thumb/v7e-m+fp/hard/crtbegin.o
                0x00000000200003e4                . = ALIGN (0x4)

.bss            0x00000000200003e4     0x6720 load address 0x000000000800d91c
                0x00000000200003e4                _sbss = .
                0x00000000200003e4                __bss_start__ = _sbss
 *(.bss)
 .bss           0x00000000200003e4       0x1c c:/st/stm32cubeide_1.4.0/stm32cubeide/plugins/com.st.stm32cube.ide.mcu.externaltools.gnu-tools-for-stm32.9-2020-q2-update.win32_2.0.0.202105311346/tools/bin/../lib/gcc/arm-none-eabi/9.3.1/thumb/v7e-m+fp/hard/crtbegin.o
 *(.bss*)
 .bss.nPatternStart.12768
                0x0000000020000400        0x1 ./Application/AppMain.o
 .bss.gbLightOn.10274
                0x0000000020000401        0x1 ./Application/Drivers/PinSupport.o
 *fill*         0x0000000020000402        0x2 
 .bss.xIdleTaskTCBBuffer
                0x0000000020000404       0x54 ./Core/Src/freertos.o
 .bss.xIdleStack
                0x0000000020000458      0x200 ./Core/Src/freertos.o
 .bss.__sbrk_heap_end
                0x0000000020000658        0x4 ./Core/Src/sysmem.o
 .bss.pxCurrentTCB
                0x000000002000065c        0x4 ./Middlewares/Third_Party/FreeRTOS/Source/tasks.o
                0x000000002000065c                pxCurrentTCB
 .bss.pxReadyTasksLists
                0x0000000020000660       0x8c ./Middlewares/Third_Party/FreeRTOS/Source/tasks.o
 .bss.xDelayedTaskList1
                0x00000000200006ec       0x14 ./Middlewares/Third_Party/FreeRTOS/Source/tasks.o
 .bss.xDelayedTaskList2
                0x0000000020000700       0x14 ./Middlewares/Third_Party/FreeRTOS/Source/tasks.o
 .bss.pxDelayedTaskList
                0x0000000020000714        0x4 ./Middlewares/Third_Party/FreeRTOS/Source/tasks.o
 .bss.pxOverflowDelayedTaskList
                0x0000000020000718        0x4 ./Middlewares/Third_Party/FreeRTOS/Source/tasks.o
 .bss.xPendingReadyList
                0x000000002000071c       0x14 ./Middlewares/Third_Party/FreeRTOS/Source/tasks.o
 .bss.xTasksWaitingTermination
                0x0000000020000730       0x14 ./Middlewares/Third_Party/FreeRTOS/Source/tasks.o
 .bss.uxDeletedTasksWaitingCleanUp
                0x0000000020000744        0x4 ./Middlewares/Third_Party/FreeRTOS/Source/tasks.o
 .bss.xSuspendedTaskList
                0x0000000020000748       0x14 ./Middlewares/Third_Party/FreeRTOS/Source/tasks.o
 .bss.uxCurrentNumberOfTasks
                0x000000002000075c        0x4 ./Middlewares/Third_Party/FreeRTOS/Source/tasks.o
 .bss.xTickCount
                0x0000000020000760        0x4 ./Middlewares/Third_Party/FreeRTOS/Source/tasks.o
 .bss.uxTopReadyPriority
                0x0000000020000764        0x4 ./Middlewares/Third_Party/FreeRTOS/Source/tasks.o
 .bss.xSchedulerRunning
                0x0000000020000768        0x4 ./Middlewares/Third_Party/FreeRTOS/Source/tasks.o
 .bss.xPendedTicks
                0x000000002000076c        0x4 ./Middlewares/Third_Party/FreeRTOS/Source/tasks.o
 .bss.xYieldPending
                0x0000000020000770        0x4 ./Middlewares/Third_Party/FreeRTOS/Source/tasks.o